Archive member included because of file (symbol)

c:/program files (x86)/gnu tools arm embedded/4.9 2015q3/bin/../lib/gcc/arm-none-eabi/4.9.3/../../../../arm-none-eabi/lib/armv7e-m/fpu\libg_nano.a(lib_a-errno.o)
                              ./synergy/ssp/src/bsp/mcu/all/bsp_sbrk.o (__errno)
c:/program files (x86)/gnu tools arm embedded/4.9 2015q3/bin/../lib/gcc/arm-none-eabi/4.9.3/../../../../arm-none-eabi/lib/armv7e-m/fpu\libg_nano.a(lib_a-exit.o)
                              c:/program files (x86)/gnu tools arm embedded/4.9 2015q3/bin/../lib/gcc/arm-none-eabi/4.9.3/../../../../arm-none-eabi/lib/armv7e-m/fpu/rdimon-crt0.o (exit)
c:/program files (x86)/gnu tools arm embedded/4.9 2015q3/bin/../lib/gcc/arm-none-eabi/4.9.3/../../../../arm-none-eabi/lib/armv7e-m/fpu\libg_nano.a(lib_a-impure.o)
                              c:/program files (x86)/gnu tools arm embedded/4.9 2015q3/bin/../lib/gcc/arm-none-eabi/4.9.3/../../../../arm-none-eabi/lib/armv7e-m/fpu\libg_nano.a(lib_a-exit.o) (_global_impure_ptr)
c:/program files (x86)/gnu tools arm embedded/4.9 2015q3/bin/../lib/gcc/arm-none-eabi/4.9.3/../../../../arm-none-eabi/lib/armv7e-m/fpu\libg_nano.a(lib_a-init.o)
                              c:/program files (x86)/gnu tools arm embedded/4.9 2015q3/bin/../lib/gcc/arm-none-eabi/4.9.3/../../../../arm-none-eabi/lib/armv7e-m/fpu/rdimon-crt0.o (__libc_init_array)
c:/program files (x86)/gnu tools arm embedded/4.9 2015q3/bin/../lib/gcc/arm-none-eabi/4.9.3/../../../../arm-none-eabi/lib/armv7e-m/fpu\libg_nano.a(lib_a-memset.o)
                              c:/program files (x86)/gnu tools arm embedded/4.9 2015q3/bin/../lib/gcc/arm-none-eabi/4.9.3/../../../../arm-none-eabi/lib/armv7e-m/fpu/rdimon-crt0.o (memset)
c:/program files (x86)/gnu tools arm embedded/4.9 2015q3/bin/../lib/gcc/arm-none-eabi/4.9.3/../../../../arm-none-eabi/lib/armv7e-m/fpu\librdimon_nano.a(rdimon-syscalls.o)
                              c:/program files (x86)/gnu tools arm embedded/4.9 2015q3/bin/../lib/gcc/arm-none-eabi/4.9.3/../../../../arm-none-eabi/lib/armv7e-m/fpu/rdimon-crt0.o (initialise_monitor_handles)
c:/program files (x86)/gnu tools arm embedded/4.9 2015q3/bin/../lib/gcc/arm-none-eabi/4.9.3/../../../../arm-none-eabi/lib/armv7e-m/fpu\librdimon_nano.a(rdimon-_exit.o)
                              c:/program files (x86)/gnu tools arm embedded/4.9 2015q3/bin/../lib/gcc/arm-none-eabi/4.9.3/../../../../arm-none-eabi/lib/armv7e-m/fpu\libg_nano.a(lib_a-exit.o) (_exit)
c:/program files (x86)/gnu tools arm embedded/4.9 2015q3/bin/../lib/gcc/arm-none-eabi/4.9.3/../../../../arm-none-eabi/lib/armv7e-m/fpu\librdimon_nano.a(rdimon-_kill.o)
                              c:/program files (x86)/gnu tools arm embedded/4.9 2015q3/bin/../lib/gcc/arm-none-eabi/4.9.3/../../../../arm-none-eabi/lib/armv7e-m/fpu\librdimon_nano.a(rdimon-_exit.o) (_kill)
c:/program files (x86)/gnu tools arm embedded/4.9 2015q3/bin/../lib/gcc/arm-none-eabi/4.9.3/../../../../arm-none-eabi/lib/armv7e-m/fpu\libc_nano.a(lib_a-findfp.o)
                              c:/program files (x86)/gnu tools arm embedded/4.9 2015q3/bin/../lib/gcc/arm-none-eabi/4.9.3/../../../../arm-none-eabi/lib/armv7e-m/fpu\librdimon_nano.a(rdimon-syscalls.o) (__sinit)
c:/program files (x86)/gnu tools arm embedded/4.9 2015q3/bin/../lib/gcc/arm-none-eabi/4.9.3/../../../../arm-none-eabi/lib/armv7e-m/fpu\libc_nano.a(lib_a-fwalk.o)
                              c:/program files (x86)/gnu tools arm embedded/4.9 2015q3/bin/../lib/gcc/arm-none-eabi/4.9.3/../../../../arm-none-eabi/lib/armv7e-m/fpu\libc_nano.a(lib_a-findfp.o) (_fwalk)
c:/program files (x86)/gnu tools arm embedded/4.9 2015q3/bin/../lib/gcc/arm-none-eabi/4.9.3/../../../../arm-none-eabi/lib/armv7e-m/fpu\libc_nano.a(lib_a-nano-mallocr.o)
                              c:/program files (x86)/gnu tools arm embedded/4.9 2015q3/bin/../lib/gcc/arm-none-eabi/4.9.3/../../../../arm-none-eabi/lib/armv7e-m/fpu\libc_nano.a(lib_a-findfp.o) (_malloc_r)
c:/program files (x86)/gnu tools arm embedded/4.9 2015q3/bin/../lib/gcc/arm-none-eabi/4.9.3/../../../../arm-none-eabi/lib/armv7e-m/fpu\libc_nano.a(lib_a-sbrkr.o)
                              c:/program files (x86)/gnu tools arm embedded/4.9 2015q3/bin/../lib/gcc/arm-none-eabi/4.9.3/../../../../arm-none-eabi/lib/armv7e-m/fpu\libc_nano.a(lib_a-nano-mallocr.o) (_sbrk_r)
c:/program files (x86)/gnu tools arm embedded/4.9 2015q3/bin/../lib/gcc/arm-none-eabi/4.9.3/../../../../arm-none-eabi/lib/armv7e-m/fpu\libc_nano.a(lib_a-stdio.o)
                              c:/program files (x86)/gnu tools arm embedded/4.9 2015q3/bin/../lib/gcc/arm-none-eabi/4.9.3/../../../../arm-none-eabi/lib/armv7e-m/fpu\libc_nano.a(lib_a-findfp.o) (__sread)
c:/program files (x86)/gnu tools arm embedded/4.9 2015q3/bin/../lib/gcc/arm-none-eabi/4.9.3/../../../../arm-none-eabi/lib/armv7e-m/fpu\libc_nano.a(lib_a-strlen.o)
[...]
Memory Configuration

Name             Origin             Length             Attributes
FLASH            0x00000000         0x00400000         xr
RAM              0x1ffe0000         0x000a0000         xrw
DATA_FLASH       0x40100000         0x00010000         xr
QSPI_FLASH       0x60000000         0x04000000         xr
SDRAM            0x90000000         0x02000000         xrw
ID_CODES         0x40120050         0x00000010         xr
*default*        0x00000000         0xffffffff

Linker script and memory map

LOAD c:/program files (x86)/gnu tools arm embedded/4.9 2015q3/bin/../lib/gcc/arm-none-eabi/4.9.3/armv7e-m/fpu/crti.o
LOAD c:/program files (x86)/gnu tools arm embedded/4.9 2015q3/bin/../lib/gcc/arm-none-eabi/4.9.3/armv7e-m/fpu/crtbegin.o
LOAD c:/program files (x86)/gnu tools arm embedded/4.9 2015q3/bin/../lib/gcc/arm-none-eabi/4.9.3/../../../../arm-none-eabi/lib/armv7e-m/fpu/rdimon-crt0.o
START GROUP
LOAD ./synergy/ssp/src/driver/r_ioport/r_ioport.o
LOAD ./synergy/ssp/src/driver/r_icu/r_icu.o
LOAD ./synergy/ssp/src/driver/r_fmi/r_fmi.o
LOAD ./synergy/ssp/src/driver/r_elc/r_elc.o
LOAD ./synergy/ssp/src/driver/r_cgc/r_cgc.o
LOAD ./synergy/ssp/src/bsp/mcu/s7g2/bsp_cache.o
LOAD ./synergy/ssp/src/bsp/mcu/s7g2/bsp_clocks.o
LOAD ./synergy/ssp/src/bsp/mcu/s7g2/bsp_feature.o
LOAD ./synergy/ssp/src/bsp/mcu/s7g2/bsp_fmi_R7FS7G27H3A01CFC.o
LOAD ./synergy/ssp/src/bsp/mcu/s7g2/bsp_group_irq.o
LOAD ./synergy/ssp/src/bsp/mcu/s7g2/bsp_hw_locks.o
LOAD ./synergy/ssp/src/bsp/mcu/s7g2/bsp_module_stop.o
LOAD ./synergy/ssp/src/bsp/mcu/s7g2/bsp_rom_registers.o
LOAD ./synergy/ssp/src/bsp/mcu/all/bsp_common.o
LOAD ./synergy/ssp/src/bsp/mcu/all/bsp_common_leds.o
LOAD ./synergy/ssp/src/bsp/mcu/all/bsp_delay.o
LOAD ./synergy/ssp/src/bsp/mcu/all/bsp_irq.o
LOAD ./synergy/ssp/src/bsp/mcu/all/bsp_locking.o
LOAD ./synergy/ssp/src/bsp/mcu/all/bsp_register_protection.o
LOAD ./synergy/ssp/src/bsp/mcu/all/bsp_sbrk.o
LOAD ./synergy/ssp/src/bsp/cmsis/Device/RENESAS/S7G2/Source/startup_S7G2.o
LOAD ./synergy/ssp/src/bsp/cmsis/Device/RENESAS/S7G2/Source/system_S7G2.o
LOAD ./synergy/board/s7g2_sk/bsp_init.o
LOAD ./synergy/board/s7g2_sk/bsp_leds.o
LOAD ./synergy/board/s7g2_sk/bsp_qspi.o
LOAD ./src/synergy_gen/common_data.o
LOAD ./src/synergy_gen/hal_data.o
LOAD ./src/synergy_gen/main.o
LOAD ./src/synergy_gen/pin_data.o
LOAD ./src/hal_entry.o
LOAD C:\Users\SEI102\Desktop\DSE\TEST01\synergy\ssp\src\bsp\cmsis\DSP_Lib\cm4_gcc\libDSP_Lib.a
END GROUP
START GROUP
LOAD c:/program files (x86)/gnu tools arm embedded/4.9 2015q3/bin/../lib/gcc/arm-none-eabi/4.9.3/armv7e-m/fpu\libgcc.a
LOAD c:/program files (x86)/gnu tools arm embedded/4.9 2015q3/bin/../lib/gcc/arm-none-eabi/4.9.3/../../../../arm-none-eabi/lib/armv7e-m/fpu\libg_nano.a
LOAD c:/program files (x86)/gnu tools arm embedded/4.9 2015q3/bin/../lib/gcc/arm-none-eabi/4.9.3/../../../../arm-none-eabi/lib/armv7e-m/fpu\libc_nano.a
END GROUP
START GROUP
LOAD c:/program files (x86)/gnu tools arm embedded/4.9 2015q3/bin/../lib/gcc/arm-none-eabi/4.9.3/armv7e-m/fpu\libgcc.a
LOAD c:/program files (x86)/gnu tools arm embedded/4.9 2015q3/bin/../lib/gcc/arm-none-eabi/4.9.3/../../../../arm-none-eabi/lib/armv7e-m/fpu\libc_nano.a
LOAD c:/program files (x86)/gnu tools arm embedded/4.9 2015q3/bin/../lib/gcc/arm-none-eabi/4.9.3/../../../../arm-none-eabi/lib/armv7e-m/fpu\librdimon_nano.a
END GROUP
START GROUP
LOAD c:/program files (x86)/gnu tools arm embedded/4.9 2015q3/bin/../lib/gcc/arm-none-eabi/4.9.3/armv7e-m/fpu\libgcc.a
LOAD c:/program files (x86)/gnu tools arm embedded/4.9 2015q3/bin/../lib/gcc/arm-none-eabi/4.9.3/../../../../arm-none-eabi/lib/armv7e-m/fpu\libc_nano.a
LOAD c:/program files (x86)/gnu tools arm embedded/4.9 2015q3/bin/../lib/gcc/arm-none-eabi/4.9.3/../../../../arm-none-eabi/lib/armv7e-m/fpu\librdimon_nano.a
END GROUP
LOAD c:/program files (x86)/gnu tools arm embedded/4.9 2015q3/bin/../lib/gcc/arm-none-eabi/4.9.3/armv7e-m/fpu/crtend.o
LOAD c:/program files (x86)/gnu tools arm embedded/4.9 2015q3/bin/../lib/gcc/arm-none-eabi/4.9.3/armv7e-m/fpu/crtn.o
START GROUP
LOAD c:/program files (x86)/gnu tools arm embedded/4.9 2015q3/bin/../lib/gcc/arm-none-eabi/4.9.3/armv7e-m/fpu\libgcc.a
LOAD c:/program files (x86)/gnu tools arm embedded/4.9 2015q3/bin/../lib/gcc/arm-none-eabi/4.9.3/../../../../arm-none-eabi/lib/armv7e-m/fpu\libc.a
LOAD c:/program files (x86)/gnu tools arm embedded/4.9 2015q3/bin/../lib/gcc/arm-none-eabi/4.9.3/../../../../arm-none-eabi/lib/armv7e-m/fpu\libm.a
LOAD c:/program files (x86)/gnu tools arm embedded/4.9 2015q3/bin/../lib/gcc/arm-none-eabi/4.9.3/../../../../arm-none-eabi/lib/armv7e-m/fpu\libnosys.a
END GROUP

.text           0x00000000     0x3da4
                0x00000000                __ROM_Start = .
 *(.vectors)
 .vectors       0x00000000       0x40 ./synergy/ssp/src/bsp/cmsis/Device/RENESAS/S7G2/Source/startup_S7G2.o
                0x00000000                __Vectors
 *(SORT(.vector.*))
 .vector.ICU_IRQ11
                0x00000040        0x4 ./src/synergy_gen/hal_data.o
                0x00000040                g_vector_ICU_IRQ11
 .vector.ICU_IRQ12
                0x00000044        0x4 ./src/synergy_gen/hal_data.o
                0x00000044                g_vector_ICU_IRQ12
                0x00000048                __Vectors_End = .
                0x00000048                __end__ = .
                0x00000400                . = (__ROM_Start + 0x400)
 *fill*         0x00000048      0x3b8 ff
 *(.rom_registers*)
 .rom_registers
                0x00000400       0x3c ./synergy/ssp/src/bsp/mcu/s7g2/bsp_rom_registers.o
                0x00000500                . = (__ROM_Start + 0x500)
 *fill*         0x0000043c       0xc4 ff
                0x00000500                __Vector_Info_Start = .
 *(SORT(.vector_info.*))
 .vector_info.ICU_IRQ11
                0x00000500        0x8 ./src/synergy_gen/hal_data.o
                0x00000500                g_vector_info_ICU_IRQ11
 .vector_info.ICU_IRQ12
                0x00000508        0x8 ./src/synergy_gen/hal_data.o
                0x00000508                g_vector_info_ICU_IRQ12
                0x00000510                __Vector_Info_End = .
                0x00000510                __Lock_Lookup_Start = .
 *(SORT(.hw_lock_lookup.*))
 .hw_lock_lookup.ADC_0U_0U
                0x00000510        0x4 ./synergy/ssp/src/bsp/mcu/s7g2/bsp_hw_locks.o
                0x00000510                g_lock_lookup_ADC_0U_0U
 .hw_lock_lookup.ADC_0U_1U
                0x00000514        0x4 ./synergy/ssp/src/bsp/mcu/s7g2/bsp_hw_locks.o
                0x00000514                g_lock_lookup_ADC_0U_1U
 .hw_lock_lookup.AGT_0U_0U
                0x00000518        0x4 ./synergy/ssp/src/bsp/mcu/s7g2/bsp_hw_locks.o
                0x00000518                g_lock_lookup_AGT_0U_0U
 .hw_lock_lookup.AGT_0U_1U
                0x0000051c        0x4 ./synergy/ssp/src/bsp/mcu/s7g2/bsp_hw_locks.o
                0x0000051c                g_lock_lookup_AGT_0U_1U
 .hw_lock_lookup.BSC_0U_1U
                0x00000520        0x4 ./synergy/ssp/src/bsp/mcu/s7g2/bsp_hw_locks.o
                0x00000520                g_lock_lookup_BSC_0U_1U
 .hw_lock_lookup.CAC_0U_0U
                0x00000524        0x4 ./synergy/ssp/src/bsp/mcu/s7g2/bsp_hw_locks.o
                0x00000524                g_lock_lookup_CAC_0U_0U
 .hw_lock_lookup.CAN_0U_0U
                0x00000528        0x4 ./synergy/ssp/src/bsp/mcu/s7g2/bsp_hw_locks.o
                0x00000528                g_lock_lookup_CAN_0U_0U
 .hw_lock_lookup.CAN_0U_1U
                0x0000052c        0x4 ./synergy/ssp/src/bsp/mcu/s7g2/bsp_hw_locks.o
                0x0000052c                g_lock_lookup_CAN_0U_1U
 .hw_lock_lookup.COMP_HS_0U_0U
                0x00000530        0x4 ./synergy/ssp/src/bsp/mcu/s7g2/bsp_hw_locks.o
                0x00000530                g_lock_lookup_COMP_HS_0U_0U
 .hw_lock_lookup.COMP_HS_0U_1U
                0x00000534        0x4 ./synergy/ssp/src/bsp/mcu/s7g2/bsp_hw_locks.o
                0x00000534                g_lock_lookup_COMP_HS_0U_1U
 .hw_lock_lookup.COMP_HS_0U_2U
                0x00000538        0x4 ./synergy/ssp/src/bsp/mcu/s7g2/bsp_hw_locks.o
                0x00000538                g_lock_lookup_COMP_HS_0U_2U
 .hw_lock_lookup.COMP_HS_0U_3U
                0x0000053c        0x4 ./synergy/ssp/src/bsp/mcu/s7g2/bsp_hw_locks.o
                0x0000053c                g_lock_lookup_COMP_HS_0U_3U
 .hw_lock_lookup.COMP_HS_0U_4U
                0x00000540        0x4 ./synergy/ssp/src/bsp/mcu/s7g2/bsp_hw_locks.o
                0x00000540                g_lock_lookup_COMP_HS_0U_4U
 .hw_lock_lookup.COMP_HS_0U_5U
                0x00000544        0x4 ./synergy/ssp/src/bsp/mcu/s7g2/bsp_hw_locks.o
                0x00000544                g_lock_lookup_COMP_HS_0U_5U
 .hw_lock_lookup.CRC_0U_0U
                0x00000548        0x4 ./synergy/ssp/src/bsp/mcu/s7g2/bsp_hw_locks.o
                0x00000548                g_lock_lookup_CRC_0U_0U
 .hw_lock_lookup.CTSU_0U_0U
                0x0000054c        0x4 ./synergy/ssp/src/bsp/mcu/s7g2/bsp_hw_locks.o
                0x0000054c                g_lock_lookup_CTSU_0U_0U
 .hw_lock_lookup.DAAD_0U_0U
                0x00000550        0x4 ./synergy/ssp/src/bsp/mcu/s7g2/bsp_hw_locks.o
                0x00000550                g_lock_lookup_DAAD_0U_0U
 .hw_lock_lookup.DAC_0U_0U
                0x00000554        0x4 ./synergy/ssp/src/bsp/mcu/s7g2/bsp_hw_locks.o
                0x00000554                g_lock_lookup_DAC_0U_0U
 .hw_lock_lookup.DAC_0U_1U
                0x00000558        0x4 ./synergy/ssp/src/bsp/mcu/s7g2/bsp_hw_locks.o
                0x00000558                g_lock_lookup_DAC_0U_1U
 .hw_lock_lookup.DMAC_0U_0U
                0x0000055c        0x4 ./synergy/ssp/src/bsp/mcu/s7g2/bsp_hw_locks.o
                0x0000055c                g_lock_lookup_DMAC_0U_0U
 .hw_lock_lookup.DMAC_0U_1U
                0x00000560        0x4 ./synergy/ssp/src/bsp/mcu/s7g2/bsp_hw_locks.o
                0x00000560                g_lock_lookup_DMAC_0U_1U
 .hw_lock_lookup.DMAC_0U_2U
                0x00000564        0x4 ./synergy/ssp/src/bsp/mcu/s7g2/bsp_hw_locks.o
                0x00000564                g_lock_lookup_DMAC_0U_2U
 .hw_lock_lookup.DMAC_0U_3U
                0x00000568        0x4 ./synergy/ssp/src/bsp/mcu/s7g2/bsp_hw_locks.o
                0x00000568                g_lock_lookup_DMAC_0U_3U
 .hw_lock_lookup.DMAC_0U_4U
                0x0000056c        0x4 ./synergy/ssp/src/bsp/mcu/s7g2/bsp_hw_locks.o
                0x0000056c                g_lock_lookup_DMAC_0U_4U
 .hw_lock_lookup.DMAC_0U_5U
                0x00000570        0x4 ./synergy/ssp/src/bsp/mcu/s7g2/bsp_hw_locks.o
                0x00000570                g_lock_lookup_DMAC_0U_5U
 .hw_lock_lookup.DMAC_0U_6U
                0x00000574        0x4 ./synergy/ssp/src/bsp/mcu/s7g2/bsp_hw_locks.o
                0x00000574                g_lock_lookup_DMAC_0U_6U
 .hw_lock_lookup.DMAC_0U_7U
                0x00000578        0x4 ./synergy/ssp/src/bsp/mcu/s7g2/bsp_hw_locks.o
                0x00000578                g_lock_lookup_DMAC_0U_7U
 .hw_lock_lookup.DOC_0U_0U
                0x0000057c        0x4 ./synergy/ssp/src/bsp/mcu/s7g2/bsp_hw_locks.o
                0x0000057c                g_lock_lookup_DOC_0U_0U
 .hw_lock_lookup.DRW_0U_0U
                0x00000580        0x4 ./synergy/ssp/src/bsp/mcu/s7g2/bsp_hw_locks.o
                0x00000580                g_lock_lookup_DRW_0U_0U
 .hw_lock_lookup.DTC_0U_0U
                0x00000584        0x4 ./synergy/ssp/src/bsp/mcu/s7g2/bsp_hw_locks.o
                0x00000584                g_lock_lookup_DTC_0U_0U
 .hw_lock_lookup.ELC_0U_0U
                0x00000588        0x4 ./synergy/ssp/src/bsp/mcu/s7g2/bsp_hw_locks.o
                0x00000588                g_lock_lookup_ELC_0U_0U
 .hw_lock_lookup.EPTPC_0U_0U
                0x0000058c        0x4 ./synergy/ssp/src/bsp/mcu/s7g2/bsp_hw_locks.o
                0x0000058c                g_lock_lookup_EPTPC_0U_0U
 .hw_lock_lookup.ETHER_0U_0U
                0x00000590        0x4 ./synergy/ssp/src/bsp/mcu/s7g2/bsp_hw_locks.o
                0x00000590                g_lock_lookup_ETHER_0U_0U
 .hw_lock_lookup.ETHER_0U_1U
                0x00000594        0x4 ./synergy/ssp/src/bsp/mcu/s7g2/bsp_hw_locks.o
                0x00000594                g_lock_lookup_ETHER_0U_1U
 .hw_lock_lookup.FCU_0U_0U
                0x00000598        0x4 ./synergy/ssp/src/bsp/mcu/s7g2/bsp_hw_locks.o
                0x00000598                g_lock_lookup_FCU_0U_0U
 .hw_lock_lookup.GLCDC_0U_0U
                0x0000059c        0x4 ./synergy/ssp/src/bsp/mcu/s7g2/bsp_hw_locks.o
                0x0000059c                g_lock_lookup_GLCDC_0U_0U
 .hw_lock_lookup.GPT_0U_0U
                0x000005a0        0x4 ./synergy/ssp/src/bsp/mcu/s7g2/bsp_hw_locks.o
                0x000005a0                g_lock_lookup_GPT_0U_0U
 .hw_lock_lookup.GPT_0U_10U
                0x000005a4        0x4 ./synergy/ssp/src/bsp/mcu/s7g2/bsp_hw_locks.o
                0x000005a4                g_lock_lookup_GPT_0U_10U
 .hw_lock_lookup.GPT_0U_11U
                0x000005a8        0x4 ./synergy/ssp/src/bsp/mcu/s7g2/bsp_hw_locks.o
                0x000005a8                g_lock_lookup_GPT_0U_11U
 .hw_lock_lookup.GPT_0U_12U
                0x000005ac        0x4 ./synergy/ssp/src/bsp/mcu/s7g2/bsp_hw_locks.o
                0x000005ac                g_lock_lookup_GPT_0U_12U
 .hw_lock_lookup.GPT_0U_13U
                0x000005b0        0x4 ./synergy/ssp/src/bsp/mcu/s7g2/bsp_hw_locks.o
                0x000005b0                g_lock_lookup_GPT_0U_13U
 .hw_lock_lookup.GPT_0U_1U
                0x000005b4        0x4 ./synergy/ssp/src/bsp/mcu/s7g2/bsp_hw_locks.o
                0x000005b4                g_lock_lookup_GPT_0U_1U
 .hw_lock_lookup.GPT_0U_2U
                0x000005b8        0x4 ./synergy/ssp/src/bsp/mcu/s7g2/bsp_hw_locks.o
                0x000005b8                g_lock_lookup_GPT_0U_2U
 .hw_lock_lookup.GPT_0U_3U
                0x000005bc        0x4 ./synergy/ssp/src/bsp/mcu/s7g2/bsp_hw_locks.o
                0x000005bc                g_lock_lookup_GPT_0U_3U
 .hw_lock_lookup.GPT_0U_4U
                0x000005c0        0x4 ./synergy/ssp/src/bsp/mcu/s7g2/bsp_hw_locks.o
                0x000005c0                g_lock_lookup_GPT_0U_4U
 .hw_lock_lookup.GPT_0U_5U
                0x000005c4        0x4 ./synergy/ssp/src/bsp/mcu/s7g2/bsp_hw_locks.o
                0x000005c4                g_lock_lookup_GPT_0U_5U
 .hw_lock_lookup.GPT_0U_6U
                0x000005c8        0x4 ./synergy/ssp/src/bsp/mcu/s7g2/bsp_hw_locks.o
                0x000005c8                g_lock_lookup_GPT_0U_6U
 .hw_lock_lookup.GPT_0U_7U
                0x000005cc        0x4 ./synergy/ssp/src/bsp/mcu/s7g2/bsp_hw_locks.o
                0x000005cc                g_lock_lookup_GPT_0U_7U
 .hw_lock_lookup.GPT_0U_8U
                0x000005d0        0x4 ./synergy/ssp/src/bsp/mcu/s7g2/bsp_hw_locks.o
                0x000005d0                g_lock_lookup_GPT_0U_8U
 .hw_lock_lookup.GPT_0U_9U
                0x000005d4        0x4 ./synergy/ssp/src/bsp/mcu/s7g2/bsp_hw_locks.o
                0x000005d4                g_lock_lookup_GPT_0U_9U
 .hw_lock_lookup.ICU_0U_0U
                0x000005d8        0x4 ./synergy/ssp/src/bsp/mcu/s7g2/bsp_hw_locks.o
                0x000005d8                g_lock_lookup_ICU_0U_0U
 .hw_lock_lookup.ICU_0U_10U
                0x000005dc        0x4 ./synergy/ssp/src/bsp/mcu/s7g2/bsp_hw_locks.o
                0x000005dc                g_lock_lookup_ICU_0U_10U
 .hw_lock_lookup.ICU_0U_11U
                0x000005e0        0x4 ./synergy/ssp/src/bsp/mcu/s7g2/bsp_hw_locks.o
                0x000005e0                g_lock_lookup_ICU_0U_11U
 .hw_lock_lookup.ICU_0U_12U
                0x000005e4        0x4 ./synergy/ssp/src/bsp/mcu/s7g2/bsp_hw_locks.o
                0x000005e4                g_lock_lookup_ICU_0U_12U
 .hw_lock_lookup.ICU_0U_13U
                0x000005e8        0x4 ./synergy/ssp/src/bsp/mcu/s7g2/bsp_hw_locks.o
                0x000005e8                g_lock_lookup_ICU_0U_13U
 .hw_lock_lookup.ICU_0U_14U
                0x000005ec        0x4 ./synergy/ssp/src/bsp/mcu/s7g2/bsp_hw_locks.o
                0x000005ec                g_lock_lookup_ICU_0U_14U
 .hw_lock_lookup.ICU_0U_15U
                0x000005f0        0x4 ./synergy/ssp/src/bsp/mcu/s7g2/bsp_hw_locks.o
                0x000005f0                g_lock_lookup_ICU_0U_15U
 .hw_lock_lookup.ICU_0U_1U
                0x000005f4        0x4 ./synergy/ssp/src/bsp/mcu/s7g2/bsp_hw_locks.o
                0x000005f4                g_lock_lookup_ICU_0U_1U
 .hw_lock_lookup.ICU_0U_2U
                0x000005f8        0x4 ./synergy/ssp/src/bsp/mcu/s7g2/bsp_hw_locks.o
                0x000005f8                g_lock_lookup_ICU_0U_2U
 .hw_lock_lookup.ICU_0U_3U
                0x000005fc        0x4 ./synergy/ssp/src/bsp/mcu/s7g2/bsp_hw_locks.o
                0x000005fc                g_lock_lookup_ICU_0U_3U
 .hw_lock_lookup.ICU_0U_4U
                0x00000600        0x4 ./synergy/ssp/src/bsp/mcu/s7g2/bsp_hw_locks.o
                0x00000600                g_lock_lookup_ICU_0U_4U
 .hw_lock_lookup.ICU_0U_5U
                0x00000604        0x4 ./synergy/ssp/src/bsp/mcu/s7g2/bsp_hw_locks.o
                0x00000604                g_lock_lookup_ICU_0U_5U
 .hw_lock_lookup.ICU_0U_6U
                0x00000608        0x4 ./synergy/ssp/src/bsp/mcu/s7g2/bsp_hw_locks.o
                0x00000608                g_lock_lookup_ICU_0U_6U
 .hw_lock_lookup.ICU_0U_7U
                0x0000060c        0x4 ./synergy/ssp/src/bsp/mcu/s7g2/bsp_hw_locks.o
                0x0000060c                g_lock_lookup_ICU_0U_7U
 .hw_lock_lookup.ICU_0U_8U
                0x00000610        0x4 ./synergy/ssp/src/bsp/mcu/s7g2/bsp_hw_locks.o
                0x00000610                g_lock_lookup_ICU_0U_8U
 .hw_lock_lookup.ICU_0U_9U
                0x00000614        0x4 ./synergy/ssp/src/bsp/mcu/s7g2/bsp_hw_locks.o
                0x00000614                g_lock_lookup_ICU_0U_9U
 .hw_lock_lookup.IIC_0U_0U
                0x00000618        0x4 ./synergy/ssp/src/bsp/mcu/s7g2/bsp_hw_locks.o
                0x00000618                g_lock_lookup_IIC_0U_0U
 .hw_lock_lookup.IIC_0U_1U
                0x0000061c        0x4 ./synergy/ssp/src/bsp/mcu/s7g2/bsp_hw_locks.o
                0x0000061c                g_lock_lookup_IIC_0U_1U
 .hw_lock_lookup.IIC_0U_2U
                0x00000620        0x4 ./synergy/ssp/src/bsp/mcu/s7g2/bsp_hw_locks.o
                0x00000620                g_lock_lookup_IIC_0U_2U
 .hw_lock_lookup.IRDA_0U_0U
                0x00000624        0x4 ./synergy/ssp/src/bsp/mcu/s7g2/bsp_hw_locks.o
                0x00000624                g_lock_lookup_IRDA_0U_0U
 .hw_lock_lookup.IWDT_0U_0U
                0x00000628        0x4 ./synergy/ssp/src/bsp/mcu/s7g2/bsp_hw_locks.o
                0x00000628                g_lock_lookup_IWDT_0U_0U
 .hw_lock_lookup.JPEG_0U_0U
                0x0000062c        0x4 ./synergy/ssp/src/bsp/mcu/s7g2/bsp_hw_locks.o
                0x0000062c                g_lock_lookup_JPEG_0U_0U
 .hw_lock_lookup.KEY_0U_0U
                0x00000630        0x4 ./synergy/ssp/src/bsp/mcu/s7g2/bsp_hw_locks.o
                0x00000630                g_lock_lookup_KEY_0U_0U
 .hw_lock_lookup.LPM_1U_0U
                0x00000634        0x4 ./synergy/ssp/src/bsp/mcu/s7g2/bsp_hw_locks.o
                0x00000634                g_lock_lookup_LPM_1U_0U
 .hw_lock_lookup.LVD_0U_0U
                0x00000638        0x4 ./synergy/ssp/src/bsp/mcu/s7g2/bsp_hw_locks.o
                0x00000638                g_lock_lookup_LVD_0U_0U
 .hw_lock_lookup.LVD_0U_1U
                0x0000063c        0x4 ./synergy/ssp/src/bsp/mcu/s7g2/bsp_hw_locks.o
                0x0000063c                g_lock_lookup_LVD_0U_1U
 .hw_lock_lookup.MMF_0U_0U
                0x00000640        0x4 ./synergy/ssp/src/bsp/mcu/s7g2/bsp_hw_locks.o
                0x00000640                g_lock_lookup_MMF_0U_0U
 .hw_lock_lookup.MPU_0U_0U
                0x00000644        0x4 ./synergy/ssp/src/bsp/mcu/s7g2/bsp_hw_locks.o
                0x00000644                g_lock_lookup_MPU_0U_0U
 .hw_lock_lookup.OPS_0U_0U
                0x00000648        0x4 ./synergy/ssp/src/bsp/mcu/s7g2/bsp_hw_locks.o
                0x00000648                g_lock_lookup_OPS_0U_0U
 .hw_lock_lookup.PDC_0U_0U
                0x0000064c        0x4 ./synergy/ssp/src/bsp/mcu/s7g2/bsp_hw_locks.o
                0x0000064c                g_lock_lookup_PDC_0U_0U
 .hw_lock_lookup.POEG_0U_0U
                0x00000650        0x4 ./synergy/ssp/src/bsp/mcu/s7g2/bsp_hw_locks.o
                0x00000650                g_lock_lookup_POEG_0U_0U
 .hw_lock_lookup.POEG_0U_1U
                0x00000654        0x4 ./synergy/ssp/src/bsp/mcu/s7g2/bsp_hw_locks.o
                0x00000654                g_lock_lookup_POEG_0U_1U
 .hw_lock_lookup.POEG_0U_2U
                0x00000658        0x4 ./synergy/ssp/src/bsp/mcu/s7g2/bsp_hw_locks.o
                0x00000658                g_lock_lookup_POEG_0U_2U
 .hw_lock_lookup.POEG_0U_3U
                0x0000065c        0x4 ./synergy/ssp/src/bsp/mcu/s7g2/bsp_hw_locks.o
                0x0000065c                g_lock_lookup_POEG_0U_3U
 .hw_lock_lookup.QSPI_0U_0U
                0x00000660        0x4 ./synergy/ssp/src/bsp/mcu/s7g2/bsp_hw_locks.o
                0x00000660                g_lock_lookup_QSPI_0U_0U
 .hw_lock_lookup.RTC_0U_0U
                0x00000664        0x4 ./synergy/ssp/src/bsp/mcu/s7g2/bsp_hw_locks.o
                0x00000664                g_lock_lookup_RTC_0U_0U
 .hw_lock_lookup.SCE_0U_0U
                0x00000668        0x4 ./synergy/ssp/src/bsp/mcu/s7g2/bsp_hw_locks.o
                0x00000668                g_lock_lookup_SCE_0U_0U
 .hw_lock_lookup.SCI_0U_0U
                0x0000066c        0x4 ./synergy/ssp/src/bsp/mcu/s7g2/bsp_hw_locks.o
                0x0000066c                g_lock_lookup_SCI_0U_0U
 .hw_lock_lookup.SCI_0U_1U
                0x00000670        0x4 ./synergy/ssp/src/bsp/mcu/s7g2/bsp_hw_locks.o
                0x00000670                g_lock_lookup_SCI_0U_1U
 .hw_lock_lookup.SCI_0U_2U
                0x00000674        0x4 ./synergy/ssp/src/bsp/mcu/s7g2/bsp_hw_locks.o
                0x00000674                g_lock_lookup_SCI_0U_2U
 .hw_lock_lookup.SCI_0U_3U
                0x00000678        0x4 ./synergy/ssp/src/bsp/mcu/s7g2/bsp_hw_locks.o
                0x00000678                g_lock_lookup_SCI_0U_3U
 .hw_lock_lookup.SCI_0U_4U
                0x0000067c        0x4 ./synergy/ssp/src/bsp/mcu/s7g2/bsp_hw_locks.o
                0x0000067c                g_lock_lookup_SCI_0U_4U
 .hw_lock_lookup.SCI_0U_5U
                0x00000680        0x4 ./synergy/ssp/src/bsp/mcu/s7g2/bsp_hw_locks.o
                0x00000680                g_lock_lookup_SCI_0U_5U
 .hw_lock_lookup.SCI_0U_6U
                0x00000684        0x4 ./synergy/ssp/src/bsp/mcu/s7g2/bsp_hw_locks.o
                0x00000684                g_lock_lookup_SCI_0U_6U
 .hw_lock_lookup.SCI_0U_7U
                0x00000688        0x4 ./synergy/ssp/src/bsp/mcu/s7g2/bsp_hw_locks.o
                0x00000688                g_lock_lookup_SCI_0U_7U
 .hw_lock_lookup.SCI_0U_8U
                0x0000068c        0x4 ./synergy/ssp/src/bsp/mcu/s7g2/bsp_hw_locks.o
                0x0000068c                g_lock_lookup_SCI_0U_8U
 .hw_lock_lookup.SCI_0U_9U
                0x00000690        0x4 ./synergy/ssp/src/bsp/mcu/s7g2/bsp_hw_locks.o
                0x00000690                g_lock_lookup_SCI_0U_9U
 .hw_lock_lookup.SDHIMMC_0U_0U
                0x00000694        0x4 ./synergy/ssp/src/bsp/mcu/s7g2/bsp_hw_locks.o
                0x00000694                g_lock_lookup_SDHIMMC_0U_0U
 .hw_lock_lookup.SDHIMMC_0U_1U
                0x00000698        0x4 ./synergy/ssp/src/bsp/mcu/s7g2/bsp_hw_locks.o
                0x00000698                g_lock_lookup_SDHIMMC_0U_1U
 .hw_lock_lookup.SPI_0U_0U
                0x0000069c        0x4 ./synergy/ssp/src/bsp/mcu/s7g2/bsp_hw_locks.o
                0x0000069c                g_lock_lookup_SPI_0U_0U
 .hw_lock_lookup.SPI_0U_1U
                0x000006a0        0x4 ./synergy/ssp/src/bsp/mcu/s7g2/bsp_hw_locks.o
                0x000006a0                g_lock_lookup_SPI_0U_1U
 .hw_lock_lookup.SRC_0U_0U
                0x000006a4        0x4 ./synergy/ssp/src/bsp/mcu/s7g2/bsp_hw_locks.o
                0x000006a4                g_lock_lookup_SRC_0U_0U
 .hw_lock_lookup.SSI_0U_0U
                0x000006a8        0x4 ./synergy/ssp/src/bsp/mcu/s7g2/bsp_hw_locks.o
                0x000006a8                g_lock_lookup_SSI_0U_0U
 .hw_lock_lookup.SSI_0U_1U
                0x000006ac        0x4 ./synergy/ssp/src/bsp/mcu/s7g2/bsp_hw_locks.o
                0x000006ac                g_lock_lookup_SSI_0U_1U
 .hw_lock_lookup.TSN_0U_0U
                0x000006b0        0x4 ./synergy/ssp/src/bsp/mcu/s7g2/bsp_hw_locks.o
                0x000006b0                g_lock_lookup_TSN_0U_0U
 .hw_lock_lookup.USB_0U_0U
                0x000006b4        0x4 ./synergy/ssp/src/bsp/mcu/s7g2/bsp_hw_locks.o
                0x000006b4                g_lock_lookup_USB_0U_0U
 .hw_lock_lookup.USB_1U_0U
                0x000006b8        0x4 ./synergy/ssp/src/bsp/mcu/s7g2/bsp_hw_locks.o
                0x000006b8                g_lock_lookup_USB_1U_0U
 .hw_lock_lookup.WDT_0U_0U
                0x000006bc        0x4 ./synergy/ssp/src/bsp/mcu/s7g2/bsp_hw_locks.o
                0x000006bc                g_lock_lookup_WDT_0U_0U
                0x000006c0                __Lock_Lookup_End = .
 *(.text*)
 .text          0x000006c0       0x5c c:/program files (x86)/gnu tools arm embedded/4.9 2015q3/bin/../lib/gcc/arm-none-eabi/4.9.3/armv7e-m/fpu/crtbegin.o
 .text.R_IOPORT_PinRead
                0x0000071c       0x48 ./synergy/ssp/src/driver/r_ioport/r_ioport.o
                0x0000071c                R_IOPORT_PinRead
 .text.R_IOPORT_PortRead
                0x00000764       0x28 ./synergy/ssp/src/driver/r_ioport/r_ioport.o
                0x00000764                R_IOPORT_PortRead
 .text.R_IOPORT_PortEventInputRead
                0x0000078c       0x28 ./synergy/ssp/src/driver/r_ioport/r_ioport.o
                0x0000078c                R_IOPORT_PortEventInputRead
 .text.R_IOPORT_PinEventInputRead
                0x000007b4       0x58 ./synergy/ssp/src/driver/r_ioport/r_ioport.o
                0x000007b4                R_IOPORT_PinEventInputRead
 .text.R_IOPORT_PortEventOutputWrite
                0x0000080c       0x38 ./synergy/ssp/src/driver/r_ioport/r_ioport.o
                0x0000080c                R_IOPORT_PortEventOutputWrite
 .text.R_IOPORT_PinEventOutputWrite
                0x00000844       0x5c ./synergy/ssp/src/driver/r_ioport/r_ioport.o
                0x00000844                R_IOPORT_PinEventOutputWrite
 .text.R_IOPORT_VersionGet
                0x000008a0       0x18 ./synergy/ssp/src/driver/r_ioport/r_ioport.o
                0x000008a0                R_IOPORT_VersionGet
 .text.R_IOPORT_PinWrite
                0x000008b8       0x54 ./synergy/ssp/src/driver/r_ioport/r_ioport.o
                0x000008b8                R_IOPORT_PinWrite
 .text.R_IOPORT_PinDirectionSet
                0x0000090c       0xcc ./synergy/ssp/src/driver/r_ioport/r_ioport.o
                0x0000090c                R_IOPORT_PinDirectionSet
 .text.R_IOPORT_PortWrite
                0x000009d8       0x38 ./synergy/ssp/src/driver/r_ioport/r_ioport.o
                0x000009d8                R_IOPORT_PortWrite
 .text.R_IOPORT_PortDirectionSet
                0x00000a10       0x40 ./synergy/ssp/src/driver/r_ioport/r_ioport.o
                0x00000a10                R_IOPORT_PortDirectionSet
 .text.bsp_vbatt_init.isra.4
                0x00000a50       0x8c ./synergy/ssp/src/driver/r_ioport/r_ioport.o
 .text.R_IOPORT_EthernetModeCfg
                0x00000adc       0x58 ./synergy/ssp/src/driver/r_ioport/r_ioport.o
                0x00000adc                R_IOPORT_EthernetModeCfg
 .text.R_IOPORT_PinsCfg
                0x00000b34       0xe0 ./synergy/ssp/src/driver/r_ioport/r_ioport.o
                0x00000b34                R_IOPORT_PinsCfg
 .text.R_IOPORT_Init
                0x00000c14       0x78 ./synergy/ssp/src/driver/r_ioport/r_ioport.o
                0x00000c14                R_IOPORT_Init
 .text.R_IOPORT_PinCfg
                0x00000c8c       0xd0 ./synergy/ssp/src/driver/r_ioport/r_ioport.o
                0x00000c8c                R_IOPORT_PinCfg
 .text.R_ICU_ExternalIrqTriggerSet
                0x00000d5c       0x34 ./synergy/ssp/src/driver/r_icu/r_icu.o
                0x00000d5c                R_ICU_ExternalIrqTriggerSet
 .text.R_ICU_ExternalIrqFilterEnable
                0x00000d90       0x28 ./synergy/ssp/src/driver/r_icu/r_icu.o
                0x00000d90                R_ICU_ExternalIrqFilterEnable
 .text.R_ICU_ExternalIrqFilterDisable
                0x00000db8       0x28 ./synergy/ssp/src/driver/r_icu/r_icu.o
                0x00000db8                R_ICU_ExternalIrqFilterDisable
 .text.R_ICU_ExternalIrqVersionGet
                0x00000de0       0x14 ./synergy/ssp/src/driver/r_icu/r_icu.o
                0x00000de0                R_ICU_ExternalIrqVersionGet
 .text.R_ICU_ExternalIrqEnable
                0x00000df4       0x5c ./synergy/ssp/src/driver/r_icu/r_icu.o
                0x00000df4                R_ICU_ExternalIrqEnable
 .text.R_ICU_ExternalIrqDisable
                0x00000e50       0x6c ./synergy/ssp/src/driver/r_icu/r_icu.o
                0x00000e50                R_ICU_ExternalIrqDisable
 .text.R_ICU_ExternalIrqClose
                0x00000ebc       0x98 ./synergy/ssp/src/driver/r_icu/r_icu.o
                0x00000ebc                R_ICU_ExternalIrqClose
 .text.icu_irq_isr
                0x00000f54       0x40 ./synergy/ssp/src/driver/r_icu/r_icu.o
                0x00000f54                icu_irq_isr
 .text.r_icu_externalIRQ_initialize_interrupt
                0x00000f94       0xa0 ./synergy/ssp/src/driver/r_icu/r_icu.o
                0x00000f94                r_icu_externalIRQ_initialize_interrupt
 .text.R_ICU_ExternalIrqOpen
                0x00001034       0xd0 ./synergy/ssp/src/driver/r_icu/r_icu.o
                0x00001034                R_ICU_ExternalIrqOpen
 .text.R_FMI_ProductInfoGet
                0x00001104       0x28 ./synergy/ssp/src/driver/r_fmi/r_fmi.o
 .text.R_FMI_UniqueIdGet
                0x0000112c       0x30 ./synergy/ssp/src/driver/r_fmi/r_fmi.o
 .text.R_FMI_EventInfoGet
                0x0000115c       0x6c ./synergy/ssp/src/driver/r_fmi/r_fmi.o
 .text.R_FMI_VersionGet
                0x000011c8       0x14 ./synergy/ssp/src/driver/r_fmi/r_fmi.o
 .text.R_FMI_Init
                0x000011dc       0xbc ./synergy/ssp/src/driver/r_fmi/r_fmi.o
 .text.R_FMI_FeatureGet
                0x00001298      0x244 ./synergy/ssp/src/driver/r_fmi/r_fmi.o
 .text.R_ELC_LinkSet
                0x000014dc       0x14 ./synergy/ssp/src/driver/r_elc/r_elc.o
                0x000014dc                R_ELC_LinkSet
 .text.R_ELC_LinkBreak
                0x000014f0       0x14 ./synergy/ssp/src/driver/r_elc/r_elc.o
                0x000014f0                R_ELC_LinkBreak
 .text.R_ELC_Enable
                0x00001504       0x14 ./synergy/ssp/src/driver/r_elc/r_elc.o
                0x00001504                R_ELC_Enable
 .text.R_ELC_Disable
                0x00001518       0x14 ./synergy/ssp/src/driver/r_elc/r_elc.o
                0x00001518                R_ELC_Disable
 .text.R_ELC_VersionGet
                0x0000152c       0x14 ./synergy/ssp/src/driver/r_elc/r_elc.o
                0x0000152c                R_ELC_VersionGet
 .text.R_ELC_SoftwareEventGenerate
                0x00001540       0x30 ./synergy/ssp/src/driver/r_elc/r_elc.o
                0x00001540                R_ELC_SoftwareEventGenerate
 .text.R_ELC_Init
                0x00001570       0x80 ./synergy/ssp/src/driver/r_elc/r_elc.o
                0x00001570                R_ELC_Init
 .text.R_CGC_SystemClockGet
                0x000015f0       0x58 ./synergy/ssp/src/driver/r_cgc/r_cgc.o
                0x000015f0                R_CGC_SystemClockGet
 .text.R_CGC_LCDClockCfg
                0x00001648        0x4 ./synergy/ssp/src/driver/r_cgc/r_cgc.o
                0x00001648                R_CGC_LCDClockCfg
 .text.R_CGC_LCDClockEnable
                0x0000164c        0x4 ./synergy/ssp/src/driver/r_cgc/r_cgc.o
                0x0000164c                R_CGC_LCDClockEnable
 .text.R_CGC_LCDClockDisable
                0x00001650        0x4 ./synergy/ssp/src/driver/r_cgc/r_cgc.o
                0x00001650                R_CGC_LCDClockDisable
 .text.R_CGC_SDADCClockCfg
                0x00001654        0x4 ./synergy/ssp/src/driver/r_cgc/r_cgc.o
                0x00001654                R_CGC_SDADCClockCfg
 .text.R_CGC_SDADCClockEnable
                0x00001658        0x4 ./synergy/ssp/src/driver/r_cgc/r_cgc.o
                0x00001658                R_CGC_SDADCClockEnable
 .text.R_CGC_SDADCClockDisable
                0x0000165c        0x4 ./synergy/ssp/src/driver/r_cgc/r_cgc.o
                0x0000165c                R_CGC_SDADCClockDisable
 .text.R_CGC_VersionGet
                0x00001660       0x14 ./synergy/ssp/src/driver/r_cgc/r_cgc.o
                0x00001660                R_CGC_VersionGet
 .text.r_cgc_init_pllfreq
                0x00001674       0xe4 ./synergy/ssp/src/driver/r_cgc/r_cgc.o
 .text.r_cgc_clock_check
                0x00001758       0x2c ./synergy/ssp/src/driver/r_cgc/r_cgc.o
 .text.r_cgc_system_dividers_set
                0x00001784       0x48 ./synergy/ssp/src/driver/r_cgc/r_cgc.o
 .text.R_CGC_OscStopStatusClear
                0x000017cc       0x68 ./synergy/ssp/src/driver/r_cgc/r_cgc.o
                0x000017cc                R_CGC_OscStopStatusClear
 .text.R_CGC_BusClockOutCfg
                0x00001834       0x30 ./synergy/ssp/src/driver/r_cgc/r_cgc.o
                0x00001834                R_CGC_BusClockOutCfg
 .text.R_CGC_BusClockOutEnable
                0x00001864       0x28 ./synergy/ssp/src/driver/r_cgc/r_cgc.o
                0x00001864                R_CGC_BusClockOutEnable
 .text.R_CGC_BusClockOutDisable
                0x0000188c       0x28 ./synergy/ssp/src/driver/r_cgc/r_cgc.o
                0x0000188c                R_CGC_BusClockOutDisable
 .text.R_CGC_ClockOutEnable
                0x000018b4       0x28 ./synergy/ssp/src/driver/r_cgc/r_cgc.o
                0x000018b4                R_CGC_ClockOutEnable
 .text.R_CGC_ClockOutDisable
                0x000018dc       0x28 ./synergy/ssp/src/driver/r_cgc/r_cgc.o
                0x000018dc                R_CGC_ClockOutDisable
 .text.R_CGC_SDRAMClockOutEnable
                0x00001904       0x28 ./synergy/ssp/src/driver/r_cgc/r_cgc.o
                0x00001904                R_CGC_SDRAMClockOutEnable
 .text.R_CGC_SDRAMClockOutDisable
                0x0000192c       0x28 ./synergy/ssp/src/driver/r_cgc/r_cgc.o
                0x0000192c                R_CGC_SDRAMClockOutDisable
 .text.R_CGC_USBClockCfg
                0x00001954       0x30 ./synergy/ssp/src/driver/r_cgc/r_cgc.o
                0x00001954                R_CGC_USBClockCfg
 .text.r_cgc_check_dividers
                0x00001984       0x34 ./synergy/ssp/src/driver/r_cgc/r_cgc.o
 .text.R_CGC_SystemClockFreqGet
                0x000019b8       0xb8 ./synergy/ssp/src/driver/r_cgc/r_cgc.o
                0x000019b8                R_CGC_SystemClockFreqGet
 .text.R_CGC_SystickUpdate
                0x00001a70       0x80 ./synergy/ssp/src/driver/r_cgc/r_cgc.o
                0x00001a70                R_CGC_SystickUpdate
 .text.R_CGC_OscStopDetect
                0x00001af0      0x118 ./synergy/ssp/src/driver/r_cgc/r_cgc.o
                0x00001af0                R_CGC_OscStopDetect
 .text.r_cgc_subclock_drive_set.constprop.16
                0x00001c08       0x34 ./synergy/ssp/src/driver/r_cgc/r_cgc.o
 .text.R_CGC_ClockOutCfg
                0x00001c3c       0x6c ./synergy/ssp/src/driver/r_cgc/r_cgc.o
                0x00001c3c                R_CGC_ClockOutCfg
 .text.r_cgc_subosc_mode_possible
                0x00001ca8       0x30 ./synergy/ssp/src/driver/r_cgc/r_cgc.o
 .text.r_cgc_clock_run_state_get
                0x00001cd8       0x68 ./synergy/ssp/src/driver/r_cgc/r_cgc.o
                0x00001cd8                r_cgc_clock_run_state_get
 .text.r_cgc_wait_to_complete
                0x00001d40       0x4c ./synergy/ssp/src/driver/r_cgc/r_cgc.o
 .text.R_CGC_Init
                0x00001d8c       0xe8 ./synergy/ssp/src/driver/r_cgc/r_cgc.o
                0x00001d8c                R_CGC_Init
 .text.R_CGC_ClockStop
                0x00001e74      0x104 ./synergy/ssp/src/driver/r_cgc/r_cgc.o
                0x00001e74                R_CGC_ClockStop
 .text.R_CGC_ClockCheck
                0x00001f78       0x6c ./synergy/ssp/src/driver/r_cgc/r_cgc.o
                0x00001f78                R_CGC_ClockCheck
 .text.r_cgc_stabilization_wait
                0x00001fe4       0x30 ./synergy/ssp/src/driver/r_cgc/r_cgc.o
 .text.r_cgc_operating_hw_modeset
                0x00002014      0x108 ./synergy/ssp/src/driver/r_cgc/r_cgc.o
                0x00002014                r_cgc_operating_hw_modeset
 .text.r_cgc_operating_mode_set
                0x0000211c       0x48 ./synergy/ssp/src/driver/r_cgc/r_cgc.o
 .text.r_cgc_adjust_subosc_speed_mode
                0x00002164       0x1c ./synergy/ssp/src/driver/r_cgc/r_cgc.o
 .text.R_CGC_ClockStart
                0x00002180      0x32c ./synergy/ssp/src/driver/r_cgc/r_cgc.o
                0x00002180                R_CGC_ClockStart
 .text.r_cgc_clock_start_stop
                0x000024ac       0x54 ./synergy/ssp/src/driver/r_cgc/r_cgc.o
 .text.R_CGC_SystemClockSet.part.15
                0x00002500      0x1b0 ./synergy/ssp/src/driver/r_cgc/r_cgc.o
 .text.R_CGC_SystemClockSet
                0x000026b0       0x14 ./synergy/ssp/src/driver/r_cgc/r_cgc.o
                0x000026b0                R_CGC_SystemClockSet
 .text.R_CGC_ClocksCfg
                0x000026c4      0x13c ./synergy/ssp/src/driver/r_cgc/r_cgc.o
                0x000026c4                R_CGC_ClocksCfg
 .text.R_BSP_CacheOff
                0x00002800       0x28 ./synergy/ssp/src/bsp/mcu/s7g2/bsp_cache.o
                0x00002800                R_BSP_CacheOff
 .text.R_BSP_CacheSet
                0x00002828       0x48 ./synergy/ssp/src/bsp/mcu/s7g2/bsp_cache.o
                0x00002828                R_BSP_CacheSet
 .text.bsp_clock_init
                0x00002870       0xa0 ./synergy/ssp/src/bsp/mcu/s7g2/bsp_clocks.o
                0x00002870                bsp_clock_init
 .text.bsp_cpu_clock_get
                0x00002910       0x20 ./synergy/ssp/src/bsp/mcu/s7g2/bsp_clocks.o
                0x00002910                bsp_cpu_clock_get
 .text.bsp_clock_set_callback
                0x00002930      0x124 ./synergy/ssp/src/bsp/mcu/s7g2/bsp_clocks.o
                0x00002930                bsp_clock_set_callback
 .text.R_BSP_FeatureIoportGet
                0x00002a54        0xc ./synergy/ssp/src/bsp/mcu/s7g2/bsp_feature.o
                0x00002a54                R_BSP_FeatureIoportGet
 .text.R_BSP_FeatureCgcGet
                0x00002a60        0xc ./synergy/ssp/src/bsp/mcu/s7g2/bsp_feature.o
                0x00002a60                R_BSP_FeatureCgcGet
 .text.bsp_group_interrupt_open
                0x00002a6c       0x18 ./synergy/ssp/src/bsp/mcu/s7g2/bsp_group_irq.o
                0x00002a6c                bsp_group_interrupt_open
 .text.R_BSP_GroupIrqWrite
                0x00002a84       0x10 ./synergy/ssp/src/bsp/mcu/s7g2/bsp_group_irq.o
                0x00002a84                R_BSP_GroupIrqWrite
 .text.NMI_Handler
                0x00002a94      0x1f4 ./synergy/ssp/src/bsp/mcu/s7g2/bsp_group_irq.o
                0x00002a94                NMI_Handler
 .text.r_bsp_get_mstp_mask
                0x00002c88       0x50 ./synergy/ssp/src/bsp/mcu/s7g2/bsp_module_stop.o
 .text.r_bsp_module_start_stop
                0x00002cd8       0x6c ./synergy/ssp/src/bsp/mcu/s7g2/bsp_module_stop.o
 .text.R_BSP_ModuleStart
                0x00002d44        0x8 ./synergy/ssp/src/bsp/mcu/s7g2/bsp_module_stop.o
                0x00002d44                R_BSP_ModuleStart
 .text.R_BSP_LedsGet
                0x00002d4c       0x20 ./synergy/ssp/src/bsp/mcu/all/bsp_common_leds.o
                0x00002d4c                R_BSP_LedsGet
 .text.software_delay_loop
                0x00002d6c        0xc ./synergy/ssp/src/bsp/mcu/all/bsp_delay.o
 .text.R_BSP_SoftwareDelay
                0x00002d78       0x58 ./synergy/ssp/src/bsp/mcu/all/bsp_delay.o
                0x00002d78                R_BSP_SoftwareDelay
 .text.R_BSP_IrqStatusClear
                0x00002dd0       0x18 ./synergy/ssp/src/bsp/mcu/all/bsp_irq.o
                0x00002dd0                R_BSP_IrqStatusClear
 .text.bsp_irq_cfg
                0x00002de8       0x40 ./synergy/ssp/src/bsp/mcu/all/bsp_irq.o
                0x00002de8                bsp_irq_cfg
 .text.R_BSP_HardwareLock
                0x00002e28       0x68 ./synergy/ssp/src/bsp/mcu/all/bsp_locking.o
                0x00002e28                R_BSP_HardwareLock
 .text.R_BSP_HardwareUnlock
                0x00002e90       0x4c ./synergy/ssp/src/bsp/mcu/all/bsp_locking.o
                0x00002e90                R_BSP_HardwareUnlock
 .text.bsp_init_hardware_locks
                0x00002edc       0x44 ./synergy/ssp/src/bsp/mcu/all/bsp_locking.o
                0x00002edc                bsp_init_hardware_locks
 .text.R_BSP_RegisterProtectEnable
                0x00002f20       0x60 ./synergy/ssp/src/bsp/mcu/all/bsp_register_protection.o
                0x00002f20                R_BSP_RegisterProtectEnable
 .text.R_BSP_RegisterProtectDisable
                0x00002f80       0x50 ./synergy/ssp/src/bsp/mcu/all/bsp_register_protection.o
                0x00002f80                R_BSP_RegisterProtectDisable
 .text.bsp_register_protect_open
                0x00002fd0       0x10 ./synergy/ssp/src/bsp/mcu/all/bsp_register_protection.o
                0x00002fd0                bsp_register_protect_open
 .text.Default_Handler
                0x00002fe0        0x4 ./synergy/ssp/src/bsp/cmsis/Device/RENESAS/S7G2/Source/startup_S7G2.o
                0x00002fe0                DebugMon_Handler
                0x00002fe0                HardFault_Handler
                0x00002fe0                SysTick_Handler
                0x00002fe0                PendSV_Handler
                0x00002fe0                UsageFault_Handler
                0x00002fe0                Default_Handler
                0x00002fe0                MemManage_Handler
                0x00002fe0                SVC_Handler
                0x00002fe0                BusFault_Handler
 .text.Reset_Handler
                0x00002fe4        0xc ./synergy/ssp/src/bsp/cmsis/Device/RENESAS/S7G2/Source/startup_S7G2.o
                0x00002fe4                Reset_Handler
 .text.R_BSP_WarmStart
                0x00002ff0        0x4 ./synergy/ssp/src/bsp/cmsis/Device/RENESAS/S7G2/Source/system_S7G2.o
                0x00002ff0                R_BSP_WarmStart
 .text.SystemInit
                0x00002ff4       0xe0 ./synergy/ssp/src/bsp/cmsis/Device/RENESAS/S7G2/Source/system_S7G2.o
                0x00002ff4                SystemInit
 .text.bsp_init
                0x000030d4        0x4 ./synergy/board/s7g2_sk/bsp_init.o
                0x000030d4                bsp_init
 .text.bsp_qspi_xip_mode
                0x000030d8       0x84 ./synergy/board/s7g2_sk/bsp_qspi.o
 .text.bsp_qspi_init
                0x0000315c      0x148 ./synergy/board/s7g2_sk/bsp_qspi.o
                0x0000315c                bsp_qspi_init
 .text.startup.main
                0x000032a4        0xc ./src/synergy_gen/main.o
                0x000032a4                main
 .text.hal_entry
                0x000032b0       0x20 ./src/hal_entry.o
                0x000032b0                hal_entry
 .text.button_callback_SW5
                0x000032d0       0x40 ./src/hal_entry.o
                0x000032d0                button_callback_SW5
 *(.version)
 .version       0x00003310       0x60 ./synergy/ssp/src/bsp/mcu/all/bsp_common.o
 *(.init)
 .init          0x00003370        0x4 c:/program files (x86)/gnu tools arm embedded/4.9 2015q3/bin/../lib/gcc/arm-none-eabi/4.9.3/armv7e-m/fpu/crti.o
                0x00003370                _init
 .init          0x00003374        0x8 c:/program files (x86)/gnu tools arm embedded/4.9 2015q3/bin/../lib/gcc/arm-none-eabi/4.9.3/armv7e-m/fpu/crtn.o
 *(.fini)
 .fini          0x0000337c        0x4 c:/program files (x86)/gnu tools arm embedded/4.9 2015q3/bin/../lib/gcc/arm-none-eabi/4.9.3/armv7e-m/fpu/crti.o
                0x0000337c                _fini
 .fini          0x00003380        0x8 c:/program files (x86)/gnu tools arm embedded/4.9 2015q3/bin/../lib/gcc/arm-none-eabi/4.9.3/armv7e-m/fpu/crtn.o
 *crtbegin.o(.ctors)
 *crtbegin?.o(.ctors)
 *(EXCLUDE_FILE(*crtend.o *crtend?.o) .ctors)
 *(SORT(.ctors.*))
 *(.ctors)
 *crtbegin.o(.dtors)
 *crtbegin?.o(.dtors)
 *(EXCLUDE_FILE(*crtend.o *crtend?.o) .dtors)
 *(SORT(.dtors.*))
 *(.dtors)
 *(.rodata*)
 .rodata.g_ioport_on_ioport
                0x00003388       0x3c ./synergy/ssp/src/driver/r_ioport/r_ioport.o
                0x00003388                g_ioport_on_ioport
 .rodata.g_vbatt_pins_input
                0x000033c4        0x6 ./synergy/ssp/src/driver/r_ioport/r_ioport.o
 *fill*         0x000033ca        0x2 ff
 .rodata.g_external_irq_on_icu
                0x000033cc       0x20 ./synergy/ssp/src/driver/r_icu/r_icu.o
                0x000033cc                g_external_irq_on_icu
 .rodata.g_icu_version
                0x000033ec        0x4 ./synergy/ssp/src/driver/r_icu/r_icu.o
 .rodata.bit_count_mask
                0x000033f0        0x8 ./synergy/ssp/src/driver/r_fmi/r_fmi.o
 .rodata.bit_count
                0x000033f8       0x80 ./synergy/ssp/src/driver/r_fmi/r_fmi.o
 .rodata.g_fmi_on_fmi
                0x00003478       0x18 ./synergy/ssp/src/driver/r_fmi/r_fmi.o
                0x00003478                g_fmi_on_fmi
 .rodata.g_fmi_version
                0x00003490        0x4 ./synergy/ssp/src/driver/r_fmi/r_fmi.o
 .rodata.g_elc_on_elc
                0x00003494       0x1c ./synergy/ssp/src/driver/r_elc/r_elc.o
                0x00003494                g_elc_on_elc
 .rodata.s_elc_version
                0x000034b0        0x4 ./synergy/ssp/src/driver/r_elc/r_elc.o
 .rodata.g_pllccr2_div_value
                0x000034b4        0x6 ./synergy/ssp/src/driver/r_cgc/r_cgc.o
 *fill*         0x000034ba        0x2 ff
 .rodata.g_cgc_on_cgc
                0x000034bc       0x6c ./synergy/ssp/src/driver/r_cgc/r_cgc.o
                0x000034bc                g_cgc_on_cgc
 .rodata.g_pllccr_div_value
                0x00003528        0x6 ./synergy/ssp/src/driver/r_cgc/r_cgc.o
 *fill*         0x0000352e        0x2 ff
 .rodata.g_pllccr_div_setting
                0x00003530        0x6 ./synergy/ssp/src/driver/r_cgc/r_cgc.o
 *fill*         0x00003536        0x2 ff
 .rodata.g_cgc_version
                0x00003538        0x4 ./synergy/ssp/src/driver/r_cgc/r_cgc.o
 .rodata.g_pllccr2_div_setting
                0x0000353c        0x8 ./synergy/ssp/src/driver/r_cgc/r_cgc.o
 .rodata.g_cgc_feature
                0x00003544       0x2c ./synergy/ssp/src/bsp/mcu/s7g2/bsp_feature.o
 .rodata.g_fmi_data
                0x00003570      0x400 ./synergy/ssp/src/bsp/mcu/s7g2/bsp_fmi_R7FS7G27H3A01CFC.o
                0x00003570                g_fmi_data
 .rodata.gp_mstp
                0x00003970       0x10 ./synergy/ssp/src/bsp/mcu/s7g2/bsp_module_stop.o
 .rodata.g_bsp_module_stop
                0x00003980       0x46 ./synergy/ssp/src/bsp/mcu/s7g2/bsp_module_stop.o
 *fill*         0x000039c6        0x2 ff
 .rodata.gp_vector_information
                0x000039c8        0x4 ./synergy/ssp/src/bsp/mcu/all/bsp_irq.o
                0x000039c8                gp_vector_information
 .rodata.g_prcr_masks
                0x000039cc        0x6 ./synergy/ssp/src/bsp/mcu/all/bsp_register_protection.o
 *fill*         0x000039d2        0x2 ff
 .rodata.g_elc_cfg
                0x000039d4        0xc ./synergy/ssp/src/bsp/cmsis/Device/RENESAS/S7G2/Source/system_S7G2.o
 .rodata.g_bsp_leds
                0x000039e0        0x8 ./synergy/board/s7g2_sk/bsp_leds.o
                0x000039e0                g_bsp_leds
 .rodata.g_bsp_prv_leds
                0x000039e8        0x6 ./synergy/board/s7g2_sk/bsp_leds.o
 *fill*         0x000039ee        0x2 ff
 .rodata.g_ioport
                0x000039f0        0x8 ./src/synergy_gen/common_data.o
                0x000039f0                g_ioport
 .rodata.g_external_irq0
                0x000039f8        0xc ./src/synergy_gen/hal_data.o
                0x000039f8                g_external_irq0
 .rodata.g_external_irq0_cfg
                0x00003a04       0x14 ./src/synergy_gen/hal_data.o
 .rodata.g_bsp_pin_cfg
                0x00003a18        0x8 ./src/synergy_gen/pin_data.o
                0x00003a18                g_bsp_pin_cfg
 .rodata.g_bsp_pin_cfg_data
                0x00003a20      0x380 ./src/synergy_gen/pin_data.o
                0x00003a20                g_bsp_pin_cfg_data
                0x00003da0                __usb_dev_descriptor_start_fs = .
 *(.usb_device_desc_fs*)
                0x00003da0                __usb_cfg_descriptor_start_fs = .
 *(.usb_config_desc_fs*)
                0x00003da0                __usb_interface_descriptor_start_fs = .
 *(.usb_interface_desc_fs*)
                0x00003da0                __usb_descriptor_end_fs = .
                0x00003da0                __usb_dev_descriptor_start_hs = .
 *(.usb_device_desc_hs*)
                0x00003da0                __usb_cfg_descriptor_start_hs = .
 *(.usb_config_desc_hs*)
                0x00003da0                __usb_interface_descriptor_start_hs = .
 *(.usb_interface_desc_hs*)
                0x00003da0                __usb_descriptor_end_hs = .
 *(.eh_frame*)
 .eh_frame      0x00003da0        0x0 c:/program files (x86)/gnu tools arm embedded/4.9 2015q3/bin/../lib/gcc/arm-none-eabi/4.9.3/armv7e-m/fpu/crtbegin.o
 .eh_frame      0x00003da0        0x4 c:/program files (x86)/gnu tools arm embedded/4.9 2015q3/bin/../lib/gcc/arm-none-eabi/4.9.3/armv7e-m/fpu/crtend.o
                0x00003da4                __ROM_End = .
                0x00000048                __Vectors_Size = (__Vectors_End - __Vectors)
                0x00000010                __Vector_Info_Size = (__Vector_Info_End - __Vector_Info_Start)
                0x000001b0                __Lock_Lookup_Size = (__Lock_Lookup_End - __Lock_Lookup_Start)

.glue_7         0x00003da4        0x0
 .glue_7        0x00000000        0x0 linker stubs

.glue_7t        0x00003da4        0x0
 .glue_7t       0x00000000        0x0 linker stubs

.vfp11_veneer   0x00003da4        0x0
 .vfp11_veneer  0x00000000        0x0 linker stubs

.v4_bx          0x00003da4        0x0
 .v4_bx         0x00000000        0x0 linker stubs

.iplt           0x00003da4        0x0
 .iplt          0x00000000        0x0 c:/program files (x86)/gnu tools arm embedded/4.9 2015q3/bin/../lib/gcc/arm-none-eabi/4.9.3/armv7e-m/fpu/crtbegin.o

.ARM.extab
 *(.ARM.extab* .gnu.linkonce.armextab.*)
                0x00003da4                __exidx_start = .

.ARM.exidx
 *(.ARM.exidx* .gnu.linkonce.armexidx.*)
                0x00003da4                __exidx_end = .
                0x00003da4                __etext = .

.ssp_dtc_vector_table
                0x1ffe0000        0x0
                0x1ffe0000                . = ORIGIN (RAM)
 *(.ssp_dtc_vector_table)

.data           0x1ffe0000       0x7c load address 0x00003da4
                0x1ffe0000                __data_start__ = .
 *(vtable)
 *(.data.*)
 .data.led_0_level
                0x1ffe0000        0x1 ./src/hal_entry.o
                0x1ffe0000                led_0_level
                0x1ffe0004                . = ALIGN (0x4)
 *fill*         0x1ffe0001        0x3 
                0x1ffe0004                PROVIDE (__preinit_array_start, .)
 *(.preinit_array)
                0x1ffe0004                PROVIDE (__preinit_array_end, .)
                0x1ffe0004                . = ALIGN (0x4)
                0x1ffe0004                PROVIDE (__init_array_start, .)
 *(SORT(.init_array.*))
 *(.init_array)
 .init_array    0x1ffe0004        0x4 c:/program files (x86)/gnu tools arm embedded/4.9 2015q3/bin/../lib/gcc/arm-none-eabi/4.9.3/armv7e-m/fpu/crtbegin.o
                0x1ffe0008                PROVIDE (__init_array_end, .)
                0x1ffe0008                . = ALIGN (0x4)
                0x1ffe0008                PROVIDE (__fini_array_start, .)
 *(SORT(.fini_array.*))
 *(.fini_array)
 .fini_array    0x1ffe0008        0x4 c:/program files (x86)/gnu tools arm embedded/4.9 2015q3/bin/../lib/gcc/arm-none-eabi/4.9.3/armv7e-m/fpu/crtbegin.o
                0x1ffe000c                PROVIDE (__fini_array_end, .)
 *(.jcr*)
 .jcr           0x1ffe000c        0x0 c:/program files (x86)/gnu tools arm embedded/4.9 2015q3/bin/../lib/gcc/arm-none-eabi/4.9.3/armv7e-m/fpu/crtbegin.o
 .jcr           0x1ffe000c        0x4 c:/program files (x86)/gnu tools arm embedded/4.9 2015q3/bin/../lib/gcc/arm-none-eabi/4.9.3/armv7e-m/fpu/crtend.o
                0x1ffe0010                . = ALIGN (0x4)
                0x1ffe0010                __Code_In_RAM_Start = .
 *(.code_in_ram*)
                0x1ffe0010                __Code_In_RAM_End = .
                0x1ffe0010                __Lock_Start = .
 *(SORT(.hw_lock*))
 .hw_lock.ADC_0U_0U
                0x1ffe0010        0x1 ./synergy/ssp/src/bsp/mcu/s7g2/bsp_hw_locks.o
                0x1ffe0010                g_hw_lock_ADC_0U_0U
 .hw_lock.ADC_0U_1U
                0x1ffe0011        0x1 ./synergy/ssp/src/bsp/mcu/s7g2/bsp_hw_locks.o
                0x1ffe0011                g_hw_lock_ADC_0U_1U
 .hw_lock.AGT_0U_0U
                0x1ffe0012        0x1 ./synergy/ssp/src/bsp/mcu/s7g2/bsp_hw_locks.o
                0x1ffe0012                g_hw_lock_AGT_0U_0U
 .hw_lock.AGT_0U_1U
                0x1ffe0013        0x1 ./synergy/ssp/src/bsp/mcu/s7g2/bsp_hw_locks.o
                0x1ffe0013                g_hw_lock_AGT_0U_1U
 .hw_lock.BSC_0U_1U
                0x1ffe0014        0x1 ./synergy/ssp/src/bsp/mcu/s7g2/bsp_hw_locks.o
                0x1ffe0014                g_hw_lock_BSC_0U_1U
 .hw_lock.CAC_0U_0U
                0x1ffe0015        0x1 ./synergy/ssp/src/bsp/mcu/s7g2/bsp_hw_locks.o
                0x1ffe0015                g_hw_lock_CAC_0U_0U
 .hw_lock.CAN_0U_0U
                0x1ffe0016        0x1 ./synergy/ssp/src/bsp/mcu/s7g2/bsp_hw_locks.o
                0x1ffe0016                g_hw_lock_CAN_0U_0U
 .hw_lock.CAN_0U_1U
                0x1ffe0017        0x1 ./synergy/ssp/src/bsp/mcu/s7g2/bsp_hw_locks.o
                0x1ffe0017                g_hw_lock_CAN_0U_1U
 .hw_lock.COMP_HS_0U_0U
                0x1ffe0018        0x1 ./synergy/ssp/src/bsp/mcu/s7g2/bsp_hw_locks.o
                0x1ffe0018                g_hw_lock_COMP_HS_0U_0U
 .hw_lock.COMP_HS_0U_1U
                0x1ffe0019        0x1 ./synergy/ssp/src/bsp/mcu/s7g2/bsp_hw_locks.o
                0x1ffe0019                g_hw_lock_COMP_HS_0U_1U
 .hw_lock.COMP_HS_0U_2U
                0x1ffe001a        0x1 ./synergy/ssp/src/bsp/mcu/s7g2/bsp_hw_locks.o
                0x1ffe001a                g_hw_lock_COMP_HS_0U_2U
 .hw_lock.COMP_HS_0U_3U
                0x1ffe001b        0x1 ./synergy/ssp/src/bsp/mcu/s7g2/bsp_hw_locks.o
                0x1ffe001b                g_hw_lock_COMP_HS_0U_3U
 .hw_lock.COMP_HS_0U_4U
                0x1ffe001c        0x1 ./synergy/ssp/src/bsp/mcu/s7g2/bsp_hw_locks.o
                0x1ffe001c                g_hw_lock_COMP_HS_0U_4U
 .hw_lock.COMP_HS_0U_5U
                0x1ffe001d        0x1 ./synergy/ssp/src/bsp/mcu/s7g2/bsp_hw_locks.o
                0x1ffe001d                g_hw_lock_COMP_HS_0U_5U
 .hw_lock.CRC_0U_0U
                0x1ffe001e        0x1 ./synergy/ssp/src/bsp/mcu/s7g2/bsp_hw_locks.o
                0x1ffe001e                g_hw_lock_CRC_0U_0U
 .hw_lock.CTSU_0U_0U
                0x1ffe001f        0x1 ./synergy/ssp/src/bsp/mcu/s7g2/bsp_hw_locks.o
                0x1ffe001f                g_hw_lock_CTSU_0U_0U
 .hw_lock.DAAD_0U_0U
                0x1ffe0020        0x1 ./synergy/ssp/src/bsp/mcu/s7g2/bsp_hw_locks.o
                0x1ffe0020                g_hw_lock_DAAD_0U_0U
 .hw_lock.DAC_0U_0U
                0x1ffe0021        0x1 ./synergy/ssp/src/bsp/mcu/s7g2/bsp_hw_locks.o
                0x1ffe0021                g_hw_lock_DAC_0U_0U
 .hw_lock.DAC_0U_1U
                0x1ffe0022        0x1 ./synergy/ssp/src/bsp/mcu/s7g2/bsp_hw_locks.o
                0x1ffe0022                g_hw_lock_DAC_0U_1U
 .hw_lock.DMAC_0U_0U
                0x1ffe0023        0x1 ./synergy/ssp/src/bsp/mcu/s7g2/bsp_hw_locks.o
                0x1ffe0023                g_hw_lock_DMAC_0U_0U
 .hw_lock.DMAC_0U_1U
                0x1ffe0024        0x1 ./synergy/ssp/src/bsp/mcu/s7g2/bsp_hw_locks.o
                0x1ffe0024                g_hw_lock_DMAC_0U_1U
 .hw_lock.DMAC_0U_2U
                0x1ffe0025        0x1 ./synergy/ssp/src/bsp/mcu/s7g2/bsp_hw_locks.o
                0x1ffe0025                g_hw_lock_DMAC_0U_2U
 .hw_lock.DMAC_0U_3U
                0x1ffe0026        0x1 ./synergy/ssp/src/bsp/mcu/s7g2/bsp_hw_locks.o
                0x1ffe0026                g_hw_lock_DMAC_0U_3U
 .hw_lock.DMAC_0U_4U
                0x1ffe0027        0x1 ./synergy/ssp/src/bsp/mcu/s7g2/bsp_hw_locks.o
                0x1ffe0027                g_hw_lock_DMAC_0U_4U
 .hw_lock.DMAC_0U_5U
                0x1ffe0028        0x1 ./synergy/ssp/src/bsp/mcu/s7g2/bsp_hw_locks.o
                0x1ffe0028                g_hw_lock_DMAC_0U_5U
 .hw_lock.DMAC_0U_6U
                0x1ffe0029        0x1 ./synergy/ssp/src/bsp/mcu/s7g2/bsp_hw_locks.o
                0x1ffe0029                g_hw_lock_DMAC_0U_6U
 .hw_lock.DMAC_0U_7U
                0x1ffe002a        0x1 ./synergy/ssp/src/bsp/mcu/s7g2/bsp_hw_locks.o
                0x1ffe002a                g_hw_lock_DMAC_0U_7U
 .hw_lock.DOC_0U_0U
                0x1ffe002b        0x1 ./synergy/ssp/src/bsp/mcu/s7g2/bsp_hw_locks.o
                0x1ffe002b                g_hw_lock_DOC_0U_0U
 .hw_lock.DRW_0U_0U
                0x1ffe002c        0x1 ./synergy/ssp/src/bsp/mcu/s7g2/bsp_hw_locks.o
                0x1ffe002c                g_hw_lock_DRW_0U_0U
 .hw_lock.DTC_0U_0U
                0x1ffe002d        0x1 ./synergy/ssp/src/bsp/mcu/s7g2/bsp_hw_locks.o
                0x1ffe002d                g_hw_lock_DTC_0U_0U
 .hw_lock.ELC_0U_0U
                0x1ffe002e        0x1 ./synergy/ssp/src/bsp/mcu/s7g2/bsp_hw_locks.o
                0x1ffe002e                g_hw_lock_ELC_0U_0U
 .hw_lock.EPTPC_0U_0U
                0x1ffe002f        0x1 ./synergy/ssp/src/bsp/mcu/s7g2/bsp_hw_locks.o
                0x1ffe002f                g_hw_lock_EPTPC_0U_0U
 .hw_lock.ETHER_0U_0U
                0x1ffe0030        0x1 ./synergy/ssp/src/bsp/mcu/s7g2/bsp_hw_locks.o
                0x1ffe0030                g_hw_lock_ETHER_0U_0U
 .hw_lock.ETHER_0U_1U
                0x1ffe0031        0x1 ./synergy/ssp/src/bsp/mcu/s7g2/bsp_hw_locks.o
                0x1ffe0031                g_hw_lock_ETHER_0U_1U
 .hw_lock.FCU_0U_0U
                0x1ffe0032        0x1 ./synergy/ssp/src/bsp/mcu/s7g2/bsp_hw_locks.o
                0x1ffe0032                g_hw_lock_FCU_0U_0U
 .hw_lock.GLCDC_0U_0U
                0x1ffe0033        0x1 ./synergy/ssp/src/bsp/mcu/s7g2/bsp_hw_locks.o
                0x1ffe0033                g_hw_lock_GLCDC_0U_0U
 .hw_lock.GPT_0U_0U
                0x1ffe0034        0x1 ./synergy/ssp/src/bsp/mcu/s7g2/bsp_hw_locks.o
                0x1ffe0034                g_hw_lock_GPT_0U_0U
 .hw_lock.GPT_0U_10U
                0x1ffe0035        0x1 ./synergy/ssp/src/bsp/mcu/s7g2/bsp_hw_locks.o
                0x1ffe0035                g_hw_lock_GPT_0U_10U
 .hw_lock.GPT_0U_11U
                0x1ffe0036        0x1 ./synergy/ssp/src/bsp/mcu/s7g2/bsp_hw_locks.o
                0x1ffe0036                g_hw_lock_GPT_0U_11U
 .hw_lock.GPT_0U_12U
                0x1ffe0037        0x1 ./synergy/ssp/src/bsp/mcu/s7g2/bsp_hw_locks.o
                0x1ffe0037                g_hw_lock_GPT_0U_12U
 .hw_lock.GPT_0U_13U
                0x1ffe0038        0x1 ./synergy/ssp/src/bsp/mcu/s7g2/bsp_hw_locks.o
                0x1ffe0038                g_hw_lock_GPT_0U_13U
 .hw_lock.GPT_0U_1U
                0x1ffe0039        0x1 ./synergy/ssp/src/bsp/mcu/s7g2/bsp_hw_locks.o
                0x1ffe0039                g_hw_lock_GPT_0U_1U
 .hw_lock.GPT_0U_2U
                0x1ffe003a        0x1 ./synergy/ssp/src/bsp/mcu/s7g2/bsp_hw_locks.o
                0x1ffe003a                g_hw_lock_GPT_0U_2U
 .hw_lock.GPT_0U_3U
                0x1ffe003b        0x1 ./synergy/ssp/src/bsp/mcu/s7g2/bsp_hw_locks.o
                0x1ffe003b                g_hw_lock_GPT_0U_3U
 .hw_lock.GPT_0U_4U
                0x1ffe003c        0x1 ./synergy/ssp/src/bsp/mcu/s7g2/bsp_hw_locks.o
                0x1ffe003c                g_hw_lock_GPT_0U_4U
 .hw_lock.GPT_0U_5U
                0x1ffe003d        0x1 ./synergy/ssp/src/bsp/mcu/s7g2/bsp_hw_locks.o
                0x1ffe003d                g_hw_lock_GPT_0U_5U
 .hw_lock.GPT_0U_6U
                0x1ffe003e        0x1 ./synergy/ssp/src/bsp/mcu/s7g2/bsp_hw_locks.o
                0x1ffe003e                g_hw_lock_GPT_0U_6U
 .hw_lock.GPT_0U_7U
                0x1ffe003f        0x1 ./synergy/ssp/src/bsp/mcu/s7g2/bsp_hw_locks.o
                0x1ffe003f                g_hw_lock_GPT_0U_7U
 .hw_lock.GPT_0U_8U
                0x1ffe0040        0x1 ./synergy/ssp/src/bsp/mcu/s7g2/bsp_hw_locks.o
                0x1ffe0040                g_hw_lock_GPT_0U_8U
 .hw_lock.GPT_0U_9U
                0x1ffe0041        0x1 ./synergy/ssp/src/bsp/mcu/s7g2/bsp_hw_locks.o
                0x1ffe0041                g_hw_lock_GPT_0U_9U
 .hw_lock.ICU_0U_0U
                0x1ffe0042        0x1 ./synergy/ssp/src/bsp/mcu/s7g2/bsp_hw_locks.o
                0x1ffe0042                g_hw_lock_ICU_0U_0U
 .hw_lock.ICU_0U_10U
                0x1ffe0043        0x1 ./synergy/ssp/src/bsp/mcu/s7g2/bsp_hw_locks.o
                0x1ffe0043                g_hw_lock_ICU_0U_10U
 .hw_lock.ICU_0U_11U
                0x1ffe0044        0x1 ./synergy/ssp/src/bsp/mcu/s7g2/bsp_hw_locks.o
                0x1ffe0044                g_hw_lock_ICU_0U_11U
 .hw_lock.ICU_0U_12U
                0x1ffe0045        0x1 ./synergy/ssp/src/bsp/mcu/s7g2/bsp_hw_locks.o
                0x1ffe0045                g_hw_lock_ICU_0U_12U
 .hw_lock.ICU_0U_13U
                0x1ffe0046        0x1 ./synergy/ssp/src/bsp/mcu/s7g2/bsp_hw_locks.o
                0x1ffe0046                g_hw_lock_ICU_0U_13U
 .hw_lock.ICU_0U_14U
                0x1ffe0047        0x1 ./synergy/ssp/src/bsp/mcu/s7g2/bsp_hw_locks.o
                0x1ffe0047                g_hw_lock_ICU_0U_14U
 .hw_lock.ICU_0U_15U
                0x1ffe0048        0x1 ./synergy/ssp/src/bsp/mcu/s7g2/bsp_hw_locks.o
                0x1ffe0048                g_hw_lock_ICU_0U_15U
 .hw_lock.ICU_0U_1U
                0x1ffe0049        0x1 ./synergy/ssp/src/bsp/mcu/s7g2/bsp_hw_locks.o
                0x1ffe0049                g_hw_lock_ICU_0U_1U
 .hw_lock.ICU_0U_2U
                0x1ffe004a        0x1 ./synergy/ssp/src/bsp/mcu/s7g2/bsp_hw_locks.o
                0x1ffe004a                g_hw_lock_ICU_0U_2U
 .hw_lock.ICU_0U_3U
                0x1ffe004b        0x1 ./synergy/ssp/src/bsp/mcu/s7g2/bsp_hw_locks.o
                0x1ffe004b                g_hw_lock_ICU_0U_3U
 .hw_lock.ICU_0U_4U
                0x1ffe004c        0x1 ./synergy/ssp/src/bsp/mcu/s7g2/bsp_hw_locks.o
                0x1ffe004c                g_hw_lock_ICU_0U_4U
 .hw_lock.ICU_0U_5U
                0x1ffe004d        0x1 ./synergy/ssp/src/bsp/mcu/s7g2/bsp_hw_locks.o
                0x1ffe004d                g_hw_lock_ICU_0U_5U
 .hw_lock.ICU_0U_6U
                0x1ffe004e        0x1 ./synergy/ssp/src/bsp/mcu/s7g2/bsp_hw_locks.o
                0x1ffe004e                g_hw_lock_ICU_0U_6U
 .hw_lock.ICU_0U_7U
                0x1ffe004f        0x1 ./synergy/ssp/src/bsp/mcu/s7g2/bsp_hw_locks.o
                0x1ffe004f                g_hw_lock_ICU_0U_7U
 .hw_lock.ICU_0U_8U
                0x1ffe0050        0x1 ./synergy/ssp/src/bsp/mcu/s7g2/bsp_hw_locks.o
                0x1ffe0050                g_hw_lock_ICU_0U_8U
 .hw_lock.ICU_0U_9U
                0x1ffe0051        0x1 ./synergy/ssp/src/bsp/mcu/s7g2/bsp_hw_locks.o
                0x1ffe0051                g_hw_lock_ICU_0U_9U
 .hw_lock.IIC_0U_0U
                0x1ffe0052        0x1 ./synergy/ssp/src/bsp/mcu/s7g2/bsp_hw_locks.o
                0x1ffe0052                g_hw_lock_IIC_0U_0U
 .hw_lock.IIC_0U_1U
                0x1ffe0053        0x1 ./synergy/ssp/src/bsp/mcu/s7g2/bsp_hw_locks.o
                0x1ffe0053                g_hw_lock_IIC_0U_1U
 .hw_lock.IIC_0U_2U
                0x1ffe0054        0x1 ./synergy/ssp/src/bsp/mcu/s7g2/bsp_hw_locks.o
                0x1ffe0054                g_hw_lock_IIC_0U_2U
 .hw_lock.IRDA_0U_0U
                0x1ffe0055        0x1 ./synergy/ssp/src/bsp/mcu/s7g2/bsp_hw_locks.o
                0x1ffe0055                g_hw_lock_IRDA_0U_0U
 .hw_lock.IWDT_0U_0U
                0x1ffe0056        0x1 ./synergy/ssp/src/bsp/mcu/s7g2/bsp_hw_locks.o
                0x1ffe0056                g_hw_lock_IWDT_0U_0U
 .hw_lock.JPEG_0U_0U
                0x1ffe0057        0x1 ./synergy/ssp/src/bsp/mcu/s7g2/bsp_hw_locks.o
                0x1ffe0057                g_hw_lock_JPEG_0U_0U
 .hw_lock.KEY_0U_0U
                0x1ffe0058        0x1 ./synergy/ssp/src/bsp/mcu/s7g2/bsp_hw_locks.o
                0x1ffe0058                g_hw_lock_KEY_0U_0U
 .hw_lock.LPM_1U_0U
                0x1ffe0059        0x1 ./synergy/ssp/src/bsp/mcu/s7g2/bsp_hw_locks.o
                0x1ffe0059                g_hw_lock_LPM_1U_0U
 .hw_lock.LVD_0U_0U
                0x1ffe005a        0x1 ./synergy/ssp/src/bsp/mcu/s7g2/bsp_hw_locks.o
                0x1ffe005a                g_hw_lock_LVD_0U_0U
 .hw_lock.LVD_0U_1U
                0x1ffe005b        0x1 ./synergy/ssp/src/bsp/mcu/s7g2/bsp_hw_locks.o
                0x1ffe005b                g_hw_lock_LVD_0U_1U
 .hw_lock.MMF_0U_0U
                0x1ffe005c        0x1 ./synergy/ssp/src/bsp/mcu/s7g2/bsp_hw_locks.o
                0x1ffe005c                g_hw_lock_MMF_0U_0U
 .hw_lock.MPU_0U_0U
                0x1ffe005d        0x1 ./synergy/ssp/src/bsp/mcu/s7g2/bsp_hw_locks.o
                0x1ffe005d                g_hw_lock_MPU_0U_0U
 .hw_lock.OPS_0U_0U
                0x1ffe005e        0x1 ./synergy/ssp/src/bsp/mcu/s7g2/bsp_hw_locks.o
                0x1ffe005e                g_hw_lock_OPS_0U_0U
 .hw_lock.PDC_0U_0U
                0x1ffe005f        0x1 ./synergy/ssp/src/bsp/mcu/s7g2/bsp_hw_locks.o
                0x1ffe005f                g_hw_lock_PDC_0U_0U
 .hw_lock.POEG_0U_0U
                0x1ffe0060        0x1 ./synergy/ssp/src/bsp/mcu/s7g2/bsp_hw_locks.o
                0x1ffe0060                g_hw_lock_POEG_0U_0U
 .hw_lock.POEG_0U_1U
                0x1ffe0061        0x1 ./synergy/ssp/src/bsp/mcu/s7g2/bsp_hw_locks.o
                0x1ffe0061                g_hw_lock_POEG_0U_1U
 .hw_lock.POEG_0U_2U
                0x1ffe0062        0x1 ./synergy/ssp/src/bsp/mcu/s7g2/bsp_hw_locks.o
                0x1ffe0062                g_hw_lock_POEG_0U_2U
 .hw_lock.POEG_0U_3U
                0x1ffe0063        0x1 ./synergy/ssp/src/bsp/mcu/s7g2/bsp_hw_locks.o
                0x1ffe0063                g_hw_lock_POEG_0U_3U
 .hw_lock.QSPI_0U_0U
                0x1ffe0064        0x1 ./synergy/ssp/src/bsp/mcu/s7g2/bsp_hw_locks.o
                0x1ffe0064                g_hw_lock_QSPI_0U_0U
 .hw_lock.RTC_0U_0U
                0x1ffe0065        0x1 ./synergy/ssp/src/bsp/mcu/s7g2/bsp_hw_locks.o
                0x1ffe0065                g_hw_lock_RTC_0U_0U
 .hw_lock.SCE_0U_0U
                0x1ffe0066        0x1 ./synergy/ssp/src/bsp/mcu/s7g2/bsp_hw_locks.o
                0x1ffe0066                g_hw_lock_SCE_0U_0U
 .hw_lock.SCI_0U_0U
                0x1ffe0067        0x1 ./synergy/ssp/src/bsp/mcu/s7g2/bsp_hw_locks.o
                0x1ffe0067                g_hw_lock_SCI_0U_0U
 .hw_lock.SCI_0U_1U
                0x1ffe0068        0x1 ./synergy/ssp/src/bsp/mcu/s7g2/bsp_hw_locks.o
                0x1ffe0068                g_hw_lock_SCI_0U_1U
 .hw_lock.SCI_0U_2U
                0x1ffe0069        0x1 ./synergy/ssp/src/bsp/mcu/s7g2/bsp_hw_locks.o
                0x1ffe0069                g_hw_lock_SCI_0U_2U
 .hw_lock.SCI_0U_3U
                0x1ffe006a        0x1 ./synergy/ssp/src/bsp/mcu/s7g2/bsp_hw_locks.o
                0x1ffe006a                g_hw_lock_SCI_0U_3U
 .hw_lock.SCI_0U_4U
                0x1ffe006b        0x1 ./synergy/ssp/src/bsp/mcu/s7g2/bsp_hw_locks.o
                0x1ffe006b                g_hw_lock_SCI_0U_4U
 .hw_lock.SCI_0U_5U
                0x1ffe006c        0x1 ./synergy/ssp/src/bsp/mcu/s7g2/bsp_hw_locks.o
                0x1ffe006c                g_hw_lock_SCI_0U_5U
 .hw_lock.SCI_0U_6U
                0x1ffe006d        0x1 ./synergy/ssp/src/bsp/mcu/s7g2/bsp_hw_locks.o
                0x1ffe006d                g_hw_lock_SCI_0U_6U
 .hw_lock.SCI_0U_7U
                0x1ffe006e        0x1 ./synergy/ssp/src/bsp/mcu/s7g2/bsp_hw_locks.o
                0x1ffe006e                g_hw_lock_SCI_0U_7U
 .hw_lock.SCI_0U_8U
                0x1ffe006f        0x1 ./synergy/ssp/src/bsp/mcu/s7g2/bsp_hw_locks.o
                0x1ffe006f                g_hw_lock_SCI_0U_8U
 .hw_lock.SCI_0U_9U
                0x1ffe0070        0x1 ./synergy/ssp/src/bsp/mcu/s7g2/bsp_hw_locks.o
                0x1ffe0070                g_hw_lock_SCI_0U_9U
 .hw_lock.SDHIMMC_0U_0U
                0x1ffe0071        0x1 ./synergy/ssp/src/bsp/mcu/s7g2/bsp_hw_locks.o
                0x1ffe0071                g_hw_lock_SDHIMMC_0U_0U
 .hw_lock.SDHIMMC_0U_1U
                0x1ffe0072        0x1 ./synergy/ssp/src/bsp/mcu/s7g2/bsp_hw_locks.o
                0x1ffe0072                g_hw_lock_SDHIMMC_0U_1U
 .hw_lock.SPI_0U_0U
                0x1ffe0073        0x1 ./synergy/ssp/src/bsp/mcu/s7g2/bsp_hw_locks.o
                0x1ffe0073                g_hw_lock_SPI_0U_0U
 .hw_lock.SPI_0U_1U
                0x1ffe0074        0x1 ./synergy/ssp/src/bsp/mcu/s7g2/bsp_hw_locks.o
                0x1ffe0074                g_hw_lock_SPI_0U_1U
 .hw_lock.SRC_0U_0U
                0x1ffe0075        0x1 ./synergy/ssp/src/bsp/mcu/s7g2/bsp_hw_locks.o
                0x1ffe0075                g_hw_lock_SRC_0U_0U
 .hw_lock.SSI_0U_0U
                0x1ffe0076        0x1 ./synergy/ssp/src/bsp/mcu/s7g2/bsp_hw_locks.o
                0x1ffe0076                g_hw_lock_SSI_0U_0U
 .hw_lock.SSI_0U_1U
                0x1ffe0077        0x1 ./synergy/ssp/src/bsp/mcu/s7g2/bsp_hw_locks.o
                0x1ffe0077                g_hw_lock_SSI_0U_1U
 .hw_lock.TSN_0U_0U
                0x1ffe0078        0x1 ./synergy/ssp/src/bsp/mcu/s7g2/bsp_hw_locks.o
                0x1ffe0078                g_hw_lock_TSN_0U_0U
 .hw_lock.USB_0U_0U
                0x1ffe0079        0x1 ./synergy/ssp/src/bsp/mcu/s7g2/bsp_hw_locks.o
                0x1ffe0079                g_hw_lock_USB_0U_0U
 .hw_lock.USB_1U_0U
                0x1ffe007a        0x1 ./synergy/ssp/src/bsp/mcu/s7g2/bsp_hw_locks.o
                0x1ffe007a                g_hw_lock_USB_1U_0U
 .hw_lock.WDT_0U_0U
                0x1ffe007b        0x1 ./synergy/ssp/src/bsp/mcu/s7g2/bsp_hw_locks.o
                0x1ffe007b                g_hw_lock_WDT_0U_0U
                0x1ffe007c                __Lock_End = .
                0x1ffe007c                . = ALIGN (0x4)
                0x1ffe007c                __data_end__ = .
                0x0000006c                __Lock_Size = (__Lock_End - __Lock_Start)

.igot.plt       0x1ffe007c        0x0 load address 0x00003e20
 .igot.plt      0x00000000        0x0 c:/program files (x86)/gnu tools arm embedded/4.9 2015q3/bin/../lib/gcc/arm-none-eabi/4.9.3/armv7e-m/fpu/crtbegin.o

.qspi_flash     0x60000000        0x0
                0x60000000                __qspi_flash_start__ = .
 *(.qspi_flash*)
                0x60000000                __qspi_flash_end__ = .
                0x00000000                __qspi_flash_code_size__ = (__qspi_flash_end__ - __qspi_flash_start__)
                0x00003e20                __qspi_flash_code_addr__ = (__etext + (__data_end__ - __data_start__))

.qspi_non_retentive
                0x60000000        0x0 load address 0x00003e20
                0x60000000                __qspi_non_retentive_start__ = .
 *(.qspi_non_retentive*)
                0x60000000                __qspi_non_retentive_end__ = .
                0x00000000                __qspi_non_retentive_size__ = (__qspi_non_retentive_end__ - __qspi_non_retentive_start__)
                0x04000000                __qspi_region_max_size__ = 0x4000000
                0x60000000                __qspi_region_start_address__ = __qspi_flash_start__
                0x64000000                __qspi_region_end_address__ = (__qspi_flash_start__ + __qspi_region_max_size__)

.noinit         0x1ffe007c       0x38
                0x1ffe007c                . = ALIGN (0x4)
                0x1ffe007c                __noinit_start = .
 *(.noinit*)
 .noinit        0x1ffe007c       0x14 ./synergy/ssp/src/driver/r_ioport/r_ioport.o
 .noinit        0x1ffe0090        0x4 ./synergy/ssp/src/driver/r_fmi/r_fmi.o
 .noinit        0x1ffe0094       0x20 ./synergy/ssp/src/driver/r_cgc/r_cgc.o
                0x1ffe0098                gp_cgc_feature
                0x1ffe00b4                __noinit_end = .

.bss            0x1ffe00b4       0xa0
                0x1ffe00b4                . = ALIGN (0x4)
                0x1ffe00b4                __bss_start__ = .
 *(.bss*)
 .bss           0x1ffe00b4       0x1c c:/program files (x86)/gnu tools arm embedded/4.9 2015q3/bin/../lib/gcc/arm-none-eabi/4.9.3/armv7e-m/fpu/crtbegin.o
 .bss.g_protect_pfswe_counter
                0x1ffe00d0        0x2 ./synergy/ssp/src/driver/r_ioport/r_ioport.o
                0x1ffe00d0                g_protect_pfswe_counter
 *fill*         0x1ffe00d2        0x2 
 .bss.gp_elc_reg
                0x1ffe00d4        0x4 ./synergy/ssp/src/driver/r_elc/r_elc.o
 .bss.g_bsp_group_irq_sources
                0x1ffe00d8       0x30 ./synergy/ssp/src/bsp/mcu/s7g2/bsp_group_irq.o
 .bss.g_vector_information_size
                0x1ffe0108        0x4 ./synergy/ssp/src/bsp/mcu/all/bsp_irq.o
                0x1ffe0108                g_vector_information_size
 .bss.g_bsp_lock_lookup_size
                0x1ffe010c        0x4 ./synergy/ssp/src/bsp/mcu/all/bsp_locking.o
 .bss.gp_bsp_lock_lookup
                0x1ffe0110        0x4 ./synergy/ssp/src/bsp/mcu/all/bsp_locking.o
 .bss.gp_bsp_locks
                0x1ffe0114        0x4 ./synergy/ssp/src/bsp/mcu/all/bsp_locking.o
 .bss.g_protect_counters
                0x1ffe0118        0x6 ./synergy/ssp/src/bsp/mcu/all/bsp_register_protection.o
 *fill*         0x1ffe011e        0x2 
 .bss.SystemCoreClock
                0x1ffe0120        0x4 ./synergy/ssp/src/bsp/cmsis/Device/RENESAS/S7G2/Source/system_S7G2.o
                0x1ffe0120                SystemCoreClock
 .bss.device_characteristics
                0x1ffe0124        0x3 ./synergy/board/s7g2_sk/bsp_qspi.o
 *fill*         0x1ffe0127        0x1 
 .bss.flag_status1
                0x1ffe0128        0x1 ./synergy/board/s7g2_sk/bsp_qspi.o
 *fill*         0x1ffe0129        0x3 
 .bss.flag_status2
                0x1ffe012c        0x1 ./synergy/board/s7g2_sk/bsp_qspi.o
 *fill*         0x1ffe012d        0x3 
 .bss.gp_ctrl_ICU_IRQ11
                0x1ffe0130        0x4 ./src/synergy_gen/hal_data.o
 .bss.gp_ctrl_ICU_IRQ12
                0x1ffe0134        0x4 ./src/synergy_gen/hal_data.o
 .bss.g_external_irq0_ctrl
                0x1ffe0138       0x14 ./src/synergy_gen/hal_data.o
 *(COMMON)
 COMMON         0x1ffe014c        0x8 ./src/hal_entry.o
                0x1ffe014c                Leds
                0x1ffe0154                . = ALIGN (0x4)
                0x1ffe0154                __bss_end__ = .

.heap           0x1ffe0158     0x1000
                0x1ffe0158                . = ALIGN (0x8)
 *(.heap_d1)
                0x1ffe0158                . = ALIGN (0x8)
                0x1ffe0158                __HeapBase = .
                0x1ffe0158                __end__ = .
                0x1ffe0158                end = __end__
 *(.heap*)
 .heap          0x1ffe0158     0x1000 ./synergy/ssp/src/bsp/cmsis/Device/RENESAS/S7G2/Source/startup_S7G2.o
                0x1ffe1158                __HeapLimit = .

.stack_dummy    0x1ffe1158      0x800
                0x1ffe1158                . = ALIGN (0x8)
                0x1ffe1158                __StackLimit = .
 *(.stack)
 .stack         0x1ffe1158      0x800 ./synergy/ssp/src/bsp/cmsis/Device/RENESAS/S7G2/Source/startup_S7G2.o
                0x1ffe1958                __StackTop = .
 *(.stack*)
                0x1ffe1958                __StackTopAll = .
                0x1ffe1958                PROVIDE (__stack, __StackTopAll)
                0x1ffe1958                __RAM_segment_used_end__ = ALIGN (__StackTopAll, 0x4)

.data_flash     0x40100000        0x0
                0x40100000                __Data_Flash_Start = .
 *(.data_flash*)
                0x40100000                __Data_Flash_End = .

.sdram          0x90000000        0x0
                0x90000000                __SDRAM_Start = .
 *(.sdram*)
 *(.frame*)
                0x90000000                __SDRAM_End = .

.id_code_1      0x40120050       0x10
                0x40120050                __ID_Codes_Start = .
 *(.id_code_1*)
 .id_code_1     0x40120050       0x10 ./synergy/ssp/src/bsp/mcu/s7g2/bsp_rom_registers.o
                0x40120060                __ID_Codes_End = .
OUTPUT(TEST01.elf elf32-littlearm)

.rel.dyn        0x40120060        0x0
 .rel.iplt      0x00000000        0x0 c:/program files (x86)/gnu tools arm embedded/4.9 2015q3/bin/../lib/gcc/arm-none-eabi/4.9.3/armv7e-m/fpu/crtbegin.o

.ARM.attributes
                0x00000000       0x30
 .ARM.attributes
                0x00000000       0x22 c:/program files (x86)/gnu tools arm embedded/4.9 2015q3/bin/../lib/gcc/arm-none-eabi/4.9.3/armv7e-m/fpu/crti.o
 .ARM.attributes
                0x00000022       0x34 c:/program files (x86)/gnu tools arm embedded/4.9 2015q3/bin/../lib/gcc/arm-none-eabi/4.9.3/armv7e-m/fpu/crtbegin.o
 .ARM.attributes
                0x00000056       0x39 ./synergy/ssp/src/driver/r_ioport/r_ioport.o
 .ARM.attributes
                0x0000008f       0x39 ./synergy/ssp/src/driver/r_icu/r_icu.o
 .ARM.attributes
                0x000000c8       0x39 ./synergy/ssp/src/driver/r_fmi/r_fmi.o
 .ARM.attributes
                0x00000101       0x39 ./synergy/ssp/src/driver/r_elc/r_elc.o
 .ARM.attributes
                0x0000013a       0x39 ./synergy/ssp/src/driver/r_cgc/r_cgc.o
 .ARM.attributes
                0x00000173       0x39 ./synergy/ssp/src/bsp/mcu/s7g2/bsp_cache.o
 .ARM.attributes
                0x000001ac       0x39 ./synergy/ssp/src/bsp/mcu/s7g2/bsp_clocks.o
 .ARM.attributes
                0x000001e5       0x39 ./synergy/ssp/src/bsp/mcu/s7g2/bsp_feature.o
 .ARM.attributes
                0x0000021e       0x39 ./synergy/ssp/src/bsp/mcu/s7g2/bsp_fmi_R7FS7G27H3A01CFC.o
 .ARM.attributes
                0x00000257       0x39 ./synergy/ssp/src/bsp/mcu/s7g2/bsp_group_irq.o
 .ARM.attributes
                0x00000290       0x39 ./synergy/ssp/src/bsp/mcu/s7g2/bsp_hw_locks.o
 .ARM.attributes
                0x000002c9       0x39 ./synergy/ssp/src/bsp/mcu/s7g2/bsp_module_stop.o
 .ARM.attributes
                0x00000302       0x39 ./synergy/ssp/src/bsp/mcu/s7g2/bsp_rom_registers.o
 .ARM.attributes
                0x0000033b       0x39 ./synergy/ssp/src/bsp/mcu/all/bsp_common.o
 .ARM.attributes
                0x00000374       0x39 ./synergy/ssp/src/bsp/mcu/all/bsp_common_leds.o
 .ARM.attributes
                0x000003ad       0x39 ./synergy/ssp/src/bsp/mcu/all/bsp_delay.o
 .ARM.attributes
                0x000003e6       0x39 ./synergy/ssp/src/bsp/mcu/all/bsp_irq.o
 .ARM.attributes
                0x0000041f       0x39 ./synergy/ssp/src/bsp/mcu/all/bsp_locking.o
 .ARM.attributes
                0x00000458       0x39 ./synergy/ssp/src/bsp/mcu/all/bsp_register_protection.o
 .ARM.attributes
                0x00000491       0x39 ./synergy/ssp/src/bsp/cmsis/Device/RENESAS/S7G2/Source/startup_S7G2.o
 .ARM.attributes
                0x000004ca       0x39 ./synergy/ssp/src/bsp/cmsis/Device/RENESAS/S7G2/Source/system_S7G2.o
 .ARM.attributes
                0x00000503       0x39 ./synergy/board/s7g2_sk/bsp_init.o
 .ARM.attributes
                0x0000053c       0x39 ./synergy/board/s7g2_sk/bsp_leds.o
 .ARM.attributes
                0x00000575       0x39 ./synergy/board/s7g2_sk/bsp_qspi.o
 .ARM.attributes
                0x000005ae       0x39 ./src/synergy_gen/common_data.o
 .ARM.attributes
                0x000005e7       0x39 ./src/synergy_gen/hal_data.o
 .ARM.attributes
                0x00000620       0x39 ./src/synergy_gen/main.o
 .ARM.attributes
                0x00000659       0x39 ./src/synergy_gen/pin_data.o
 .ARM.attributes
                0x00000692       0x39 ./src/hal_entry.o
 .ARM.attributes
                0x000006cb       0x34 c:/program files (x86)/gnu tools arm embedded/4.9 2015q3/bin/../lib/gcc/arm-none-eabi/4.9.3/armv7e-m/fpu/crtend.o
 .ARM.attributes
                0x000006ff       0x22 c:/program files (x86)/gnu tools arm embedded/4.9 2015q3/bin/../lib/gcc/arm-none-eabi/4.9.3/armv7e-m/fpu/crtn.o

.comment        0x00000000       0x70
 .comment       0x00000000       0x70 ./synergy/ssp/src/driver/r_ioport/r_ioport.o
                                 0x71 (size before relaxing)
 .comment       0x00000000       0x71 ./synergy/ssp/src/driver/r_icu/r_icu.o
 .comment       0x00000000       0x71 ./synergy/ssp/src/driver/r_fmi/r_fmi.o
 .comment       0x00000000       0x71 ./synergy/ssp/src/driver/r_elc/r_elc.o
 .comment       0x00000000       0x71 ./synergy/ssp/src/driver/r_cgc/r_cgc.o
 .comment       0x00000000       0x71 ./synergy/ssp/src/bsp/mcu/s7g2/bsp_cache.o
 .comment       0x00000000       0x71 ./synergy/ssp/src/bsp/mcu/s7g2/bsp_clocks.o
 .comment       0x00000000       0x71 ./synergy/ssp/src/bsp/mcu/s7g2/bsp_feature.o
 .comment       0x00000000       0x71 ./synergy/ssp/src/bsp/mcu/s7g2/bsp_fmi_R7FS7G27H3A01CFC.o
 .comment       0x00000000       0x71 ./synergy/ssp/src/bsp/mcu/s7g2/bsp_group_irq.o
 .comment       0x00000000       0x71 ./synergy/ssp/src/bsp/mcu/s7g2/bsp_hw_locks.o
 .comment       0x00000000       0x71 ./synergy/ssp/src/bsp/mcu/s7g2/bsp_module_stop.o
 .comment       0x00000000       0x71 ./synergy/ssp/src/bsp/mcu/s7g2/bsp_rom_registers.o
 .comment       0x00000000       0x71 ./synergy/ssp/src/bsp/mcu/all/bsp_common.o
 .comment       0x00000000       0x71 ./synergy/ssp/src/bsp/mcu/all/bsp_common_leds.o
 .comment       0x00000000       0x71 ./synergy/ssp/src/bsp/mcu/all/bsp_delay.o
 .comment       0x00000000       0x71 ./synergy/ssp/src/bsp/mcu/all/bsp_irq.o
 .comment       0x00000000       0x71 ./synergy/ssp/src/bsp/mcu/all/bsp_locking.o
 .comment       0x00000000       0x71 ./synergy/ssp/src/bsp/mcu/all/bsp_register_protection.o
 .comment       0x00000000       0x71 ./synergy/ssp/src/bsp/cmsis/Device/RENESAS/S7G2/Source/startup_S7G2.o
 .comment       0x00000000       0x71 ./synergy/ssp/src/bsp/cmsis/Device/RENESAS/S7G2/Source/system_S7G2.o
 .comment       0x00000000       0x71 ./synergy/board/s7g2_sk/bsp_init.o
 .comment       0x00000000       0x71 ./synergy/board/s7g2_sk/bsp_leds.o
 .comment       0x00000000       0x71 ./synergy/board/s7g2_sk/bsp_qspi.o
 .comment       0x00000000       0x71 ./src/synergy_gen/common_data.o
 .comment       0x00000000       0x71 ./src/synergy_gen/hal_data.o
 .comment       0x00000000       0x71 ./src/synergy_gen/main.o
 .comment       0x00000000       0x71 ./src/synergy_gen/pin_data.o
 .comment       0x00000000       0x71 ./src/hal_entry.o

.debug_info     0x00000000    0x381f1
 .debug_info    0x00000000     0xf9c5 ./synergy/ssp/src/driver/r_ioport/r_ioport.o
 .debug_info    0x0000f9c5     0x34b7 ./synergy/ssp/src/driver/r_icu/r_icu.o
 .debug_info    0x00012e7c     0x272d ./synergy/ssp/src/driver/r_fmi/r_fmi.o
 .debug_info    0x000155a9     0x23c4 ./synergy/ssp/src/driver/r_elc/r_elc.o
 .debug_info    0x0001796d     0x7464 ./synergy/ssp/src/driver/r_cgc/r_cgc.o
 .debug_info    0x0001edd1      0x898 ./synergy/ssp/src/bsp/mcu/s7g2/bsp_cache.o
 .debug_info    0x0001f669     0x16c4 ./synergy/ssp/src/bsp/mcu/s7g2/bsp_clocks.o
 .debug_info    0x00020d2d      0xa7d ./synergy/ssp/src/bsp/mcu/s7g2/bsp_feature.o
 .debug_info    0x000217aa      0x2a4 ./synergy/ssp/src/bsp/mcu/s7g2/bsp_fmi_R7FS7G27H3A01CFC.o
 .debug_info    0x00021a4e     0x142f ./synergy/ssp/src/bsp/mcu/s7g2/bsp_group_irq.o
 .debug_info    0x00022e7d     0x137f ./synergy/ssp/src/bsp/mcu/s7g2/bsp_hw_locks.o
 .debug_info    0x000241fc     0x2e7d ./synergy/ssp/src/bsp/mcu/s7g2/bsp_module_stop.o
 .debug_info    0x00027079      0x2ca ./synergy/ssp/src/bsp/mcu/s7g2/bsp_rom_registers.o
 .debug_info    0x00027343      0x96b ./synergy/ssp/src/bsp/mcu/all/bsp_common.o
 .debug_info    0x00027cae      0xc40 ./synergy/ssp/src/bsp/mcu/all/bsp_common_leds.o
 .debug_info    0x000288ee      0x257 ./synergy/ssp/src/bsp/mcu/all/bsp_delay.o
 .debug_info    0x00028b45      0xc79 ./synergy/ssp/src/bsp/mcu/all/bsp_irq.o
 .debug_info    0x000297be      0xe1f ./synergy/ssp/src/bsp/mcu/all/bsp_locking.o
 .debug_info    0x0002a5dd     0x2110 ./synergy/ssp/src/bsp/mcu/all/bsp_register_protection.o
 .debug_info    0x0002c6ed      0x363 ./synergy/ssp/src/bsp/cmsis/Device/RENESAS/S7G2/Source/startup_S7G2.o
 .debug_info    0x0002ca50     0x2b08 ./synergy/ssp/src/bsp/cmsis/Device/RENESAS/S7G2/Source/system_S7G2.o
 .debug_info    0x0002f558      0x17f ./synergy/board/s7g2_sk/bsp_init.o
 .debug_info    0x0002f6d7      0x854 ./synergy/board/s7g2_sk/bsp_leds.o
 .debug_info    0x0002ff2b     0x114a ./synergy/board/s7g2_sk/bsp_qspi.o
 .debug_info    0x00031075     0x2dfd ./src/synergy_gen/common_data.o
 .debug_info    0x00033e72     0x2440 ./src/synergy_gen/hal_data.o
 .debug_info    0x000362b2       0x5b ./src/synergy_gen/main.o
 .debug_info    0x0003630d      0xa28 ./src/synergy_gen/pin_data.o
 .debug_info    0x00036d35     0x14bc ./src/hal_entry.o

.debug_abbrev   0x00000000     0x41b2
 .debug_abbrev  0x00000000      0x4d0 ./synergy/ssp/src/driver/r_ioport/r_ioport.o
 .debug_abbrev  0x000004d0      0x52f ./synergy/ssp/src/driver/r_icu/r_icu.o
 .debug_abbrev  0x000009ff      0x3c1 ./synergy/ssp/src/driver/r_fmi/r_fmi.o
 .debug_abbrev  0x00000dc0      0x330 ./synergy/ssp/src/driver/r_elc/r_elc.o
 .debug_abbrev  0x000010f0      0x588 ./synergy/ssp/src/driver/r_cgc/r_cgc.o
 .debug_abbrev  0x00001678      0x177 ./synergy/ssp/src/bsp/mcu/s7g2/bsp_cache.o
 .debug_abbrev  0x000017ef      0x35e ./synergy/ssp/src/bsp/mcu/s7g2/bsp_clocks.o
 .debug_abbrev  0x00001b4d      0x12c ./synergy/ssp/src/bsp/mcu/s7g2/bsp_feature.o
 .debug_abbrev  0x00001c79       0xe0 ./synergy/ssp/src/bsp/mcu/s7g2/bsp_fmi_R7FS7G27H3A01CFC.o
 .debug_abbrev  0x00001d59      0x284 ./synergy/ssp/src/bsp/mcu/s7g2/bsp_group_irq.o
 .debug_abbrev  0x00001fdd      0x142 ./synergy/ssp/src/bsp/mcu/s7g2/bsp_hw_locks.o
 .debug_abbrev  0x0000211f      0x301 ./synergy/ssp/src/bsp/mcu/s7g2/bsp_module_stop.o
 .debug_abbrev  0x00002420       0xde ./synergy/ssp/src/bsp/mcu/s7g2/bsp_rom_registers.o
 .debug_abbrev  0x000024fe      0x19e ./synergy/ssp/src/bsp/mcu/all/bsp_common.o
 .debug_abbrev  0x0000269c      0x11b ./synergy/ssp/src/bsp/mcu/all/bsp_common_leds.o
 .debug_abbrev  0x000027b7      0x14a ./synergy/ssp/src/bsp/mcu/all/bsp_delay.o
 .debug_abbrev  0x00002901      0x200 ./synergy/ssp/src/bsp/mcu/all/bsp_irq.o
 .debug_abbrev  0x00002b01      0x317 ./synergy/ssp/src/bsp/mcu/all/bsp_locking.o
 .debug_abbrev  0x00002e18      0x25b ./synergy/ssp/src/bsp/mcu/all/bsp_register_protection.o
 .debug_abbrev  0x00003073      0x164 ./synergy/ssp/src/bsp/cmsis/Device/RENESAS/S7G2/Source/startup_S7G2.o
 .debug_abbrev  0x000031d7      0x3a8 ./synergy/ssp/src/bsp/cmsis/Device/RENESAS/S7G2/Source/system_S7G2.o
 .debug_abbrev  0x0000357f       0xf1 ./synergy/board/s7g2_sk/bsp_init.o
 .debug_abbrev  0x00003670      0x10d ./synergy/board/s7g2_sk/bsp_leds.o
 .debug_abbrev  0x0000377d      0x2c9 ./synergy/board/s7g2_sk/bsp_qspi.o
 .debug_abbrev  0x00003a46      0x1fe ./src/synergy_gen/common_data.o
 .debug_abbrev  0x00003c44      0x236 ./src/synergy_gen/hal_data.o
 .debug_abbrev  0x00003e7a       0x5a ./src/synergy_gen/main.o
 .debug_abbrev  0x00003ed4      0x10f ./src/synergy_gen/pin_data.o
 .debug_abbrev  0x00003fe3      0x1cf ./src/hal_entry.o

.debug_loc      0x00000000     0x67fe
 .debug_loc     0x00000000     0x199b ./synergy/ssp/src/driver/r_ioport/r_ioport.o
 .debug_loc     0x0000199b      0x938 ./synergy/ssp/src/driver/r_icu/r_icu.o
 .debug_loc     0x000022d3     0x106d ./synergy/ssp/src/driver/r_fmi/r_fmi.o
 .debug_loc     0x00003340      0x21f ./synergy/ssp/src/driver/r_elc/r_elc.o
 .debug_loc     0x0000355f     0x21e6 ./synergy/ssp/src/driver/r_cgc/r_cgc.o
 .debug_loc     0x00005745       0xbf ./synergy/ssp/src/bsp/mcu/s7g2/bsp_cache.o
 .debug_loc     0x00005804      0x1e5 ./synergy/ssp/src/bsp/mcu/s7g2/bsp_clocks.o
 .debug_loc     0x000059e9      0x38e ./synergy/ssp/src/bsp/mcu/s7g2/bsp_group_irq.o
 .debug_loc     0x00005d77      0x354 ./synergy/ssp/src/bsp/mcu/s7g2/bsp_module_stop.o
 .debug_loc     0x000060cb       0x68 ./synergy/ssp/src/bsp/mcu/all/bsp_common.o
 .debug_loc     0x00006133       0x34 ./synergy/ssp/src/bsp/mcu/all/bsp_common_leds.o
 .debug_loc     0x00006167      0x133 ./synergy/ssp/src/bsp/mcu/all/bsp_delay.o
 .debug_loc     0x0000629a       0x40 ./synergy/ssp/src/bsp/mcu/all/bsp_irq.o
 .debug_loc     0x000062da      0x28a ./synergy/ssp/src/bsp/mcu/all/bsp_locking.o
 .debug_loc     0x00006564       0xb2 ./synergy/ssp/src/bsp/mcu/all/bsp_register_protection.o
 .debug_loc     0x00006616       0xc3 ./synergy/ssp/src/bsp/cmsis/Device/RENESAS/S7G2/Source/system_S7G2.o
 .debug_loc     0x000066d9       0x21 ./synergy/board/s7g2_sk/bsp_init.o
 .debug_loc     0x000066fa       0xc2 ./synergy/board/s7g2_sk/bsp_qspi.o
 .debug_loc     0x000067bc       0x42 ./src/hal_entry.o

.debug_aranges  0x00000000      0x750
 .debug_aranges
                0x00000000       0x98 ./synergy/ssp/src/driver/r_ioport/r_ioport.o
 .debug_aranges
                0x00000098       0x68 ./synergy/ssp/src/driver/r_icu/r_icu.o
 .debug_aranges
                0x00000100       0x48 ./synergy/ssp/src/driver/r_fmi/r_fmi.o
 .debug_aranges
                0x00000148       0x50 ./synergy/ssp/src/driver/r_elc/r_elc.o
 .debug_aranges
                0x00000198      0x170 ./synergy/ssp/src/driver/r_cgc/r_cgc.o
 .debug_aranges
                0x00000308       0x28 ./synergy/ssp/src/bsp/mcu/s7g2/bsp_cache.o
 .debug_aranges
                0x00000330       0x30 ./synergy/ssp/src/bsp/mcu/s7g2/bsp_clocks.o
 .debug_aranges
                0x00000360       0x80 ./synergy/ssp/src/bsp/mcu/s7g2/bsp_feature.o
 .debug_aranges
                0x000003e0       0x18 ./synergy/ssp/src/bsp/mcu/s7g2/bsp_fmi_R7FS7G27H3A01CFC.o
 .debug_aranges
                0x000003f8       0x38 ./synergy/ssp/src/bsp/mcu/s7g2/bsp_group_irq.o
 .debug_aranges
                0x00000430       0x18 ./synergy/ssp/src/bsp/mcu/s7g2/bsp_hw_locks.o
 .debug_aranges
                0x00000448       0x48 ./synergy/ssp/src/bsp/mcu/s7g2/bsp_module_stop.o
 .debug_aranges
                0x00000490       0x18 ./synergy/ssp/src/bsp/mcu/s7g2/bsp_rom_registers.o
 .debug_aranges
                0x000004a8       0x30 ./synergy/ssp/src/bsp/mcu/all/bsp_common.o
 .debug_aranges
                0x000004d8       0x20 ./synergy/ssp/src/bsp/mcu/all/bsp_common_leds.o
 .debug_aranges
                0x000004f8       0x28 ./synergy/ssp/src/bsp/mcu/all/bsp_delay.o
 .debug_aranges
                0x00000520       0x28 ./synergy/ssp/src/bsp/mcu/all/bsp_irq.o
 .debug_aranges
                0x00000548       0x48 ./synergy/ssp/src/bsp/mcu/all/bsp_locking.o
 .debug_aranges
                0x00000590       0x30 ./synergy/ssp/src/bsp/mcu/all/bsp_register_protection.o
 .debug_aranges
                0x000005c0       0x28 ./synergy/ssp/src/bsp/cmsis/Device/RENESAS/S7G2/Source/startup_S7G2.o
 .debug_aranges
                0x000005e8       0x30 ./synergy/ssp/src/bsp/cmsis/Device/RENESAS/S7G2/Source/system_S7G2.o
 .debug_aranges
                0x00000618       0x20 ./synergy/board/s7g2_sk/bsp_init.o
 .debug_aranges
                0x00000638       0x18 ./synergy/board/s7g2_sk/bsp_leds.o
 .debug_aranges
                0x00000650       0x58 ./synergy/board/s7g2_sk/bsp_qspi.o
 .debug_aranges
                0x000006a8       0x20 ./src/synergy_gen/common_data.o
 .debug_aranges
                0x000006c8       0x20 ./src/synergy_gen/hal_data.o
 .debug_aranges
                0x000006e8       0x20 ./src/synergy_gen/main.o
 .debug_aranges
                0x00000708       0x18 ./src/synergy_gen/pin_data.o
 .debug_aranges
                0x00000720       0x30 ./src/hal_entry.o

.debug_ranges   0x00000000     0x1688
 .debug_ranges  0x00000000      0x490 ./synergy/ssp/src/driver/r_ioport/r_ioport.o
 .debug_ranges  0x00000490      0x100 ./synergy/ssp/src/driver/r_icu/r_icu.o
 .debug_ranges  0x00000590      0x228 ./synergy/ssp/src/driver/r_fmi/r_fmi.o
 .debug_ranges  0x000007b8       0xa8 ./synergy/ssp/src/driver/r_elc/r_elc.o
 .debug_ranges  0x00000860      0x900 ./synergy/ssp/src/driver/r_cgc/r_cgc.o
 .debug_ranges  0x00001160       0x18 ./synergy/ssp/src/bsp/mcu/s7g2/bsp_cache.o
 .debug_ranges  0x00001178       0xb0 ./synergy/ssp/src/bsp/mcu/s7g2/bsp_clocks.o
 .debug_ranges  0x00001228       0x70 ./synergy/ssp/src/bsp/mcu/s7g2/bsp_feature.o
 .debug_ranges  0x00001298      0x148 ./synergy/ssp/src/bsp/mcu/s7g2/bsp_group_irq.o
 .debug_ranges  0x000013e0       0x38 ./synergy/ssp/src/bsp/mcu/s7g2/bsp_module_stop.o
 .debug_ranges  0x00001418       0x20 ./synergy/ssp/src/bsp/mcu/all/bsp_common.o
 .debug_ranges  0x00001438       0x10 ./synergy/ssp/src/bsp/mcu/all/bsp_common_leds.o
 .debug_ranges  0x00001448       0x18 ./synergy/ssp/src/bsp/mcu/all/bsp_delay.o
 .debug_ranges  0x00001460       0x18 ./synergy/ssp/src/bsp/mcu/all/bsp_irq.o
 .debug_ranges  0x00001478       0xa8 ./synergy/ssp/src/bsp/mcu/all/bsp_locking.o
 .debug_ranges  0x00001520       0x38 ./synergy/ssp/src/bsp/mcu/all/bsp_register_protection.o
 .debug_ranges  0x00001558       0x18 ./synergy/ssp/src/bsp/cmsis/Device/RENESAS/S7G2/Source/startup_S7G2.o
 .debug_ranges  0x00001570       0x58 ./synergy/ssp/src/bsp/cmsis/Device/RENESAS/S7G2/Source/system_S7G2.o
 .debug_ranges  0x000015c8       0x10 ./synergy/board/s7g2_sk/bsp_init.o